10-25 12:14:22.347   587   587 I hwservicemanager: getTransport: Cannot find entry vendor.qti.hardware.iop@2.0::IIop/default in either framework or device manifest.
10-25 12:14:22.347  1523  5943 E ANDR-PERF-JNI: UXEngine Trigger - Returning null
10-25 12:14:22.349   587   587 I hwservicemanager: getTransport: Cannot find entry vendor.qti.hardware.servicetracker@1.0::IServicetracker/default in either framework or device manifest.
10-25 12:14:22.352  1523  1626 W ActivityManager: setHasOverlayUi called on unknown pid: 31226
10-25 12:14:22.354  2454  3132 I BtGatt.ScanManager: msg.what = 6
10-25 12:14:22.387  2972  2972 D PureDisplay: package-com.android.launcher3 DYNAMIC_ORIGINAL_MODE open
10-25 12:14:22.388  5161  5161 D PureDisplay: PureDisplayModeChangeReceiver,hdrMode=1
10-25 12:14:22.392  3599  3599 I GsaVoiceInteractionSrv: Handling ACTION_START_HOTWORD
10-25 12:14:22.392  5161  5161 I android_os_HwBinder: HwBinder: Starting thread pool for getting: vendor.pixelworks.hardware.display@1.0::IIris/default
10-25 12:14:22.393  3599  4236 I GsaVoiceInteractionSrv: disregardVoiceMatch: false
10-25 12:14:22.393  3599  4236 I GsaVoiceInteractionSrv: Cannot start hotword, hotword has been explicitly disabled.
10-25 12:14:22.398   774   774 I IrisService: irisConfigureSet(258, 1, 1)
10-25 12:14:22.399  5161  5161 D PureDisplay: --setIrisDisplayHdrMode- mode =1--result = 0
10-25 12:14:22.399  5161  5161 D PureDisplay: PureDisplayModeChangeReceiver,pureDisplayMode=1
10-25 12:14:22.401  5161  5161 D PureDisplay: isDeviceProvisioned=true
10-25 12:14:22.402  5161  5161 D PureDisplay: isUserSetuped=true
10-25 12:14:22.402  5161  5161 D PureDisplay: setOriginalModeEnable()
10-25 12:14:22.403  5161  5161 I android_os_HwBinder: HwBinder: Starting thread pool for getting: vendor.pixelworks.hardware.display@1.0::IIris/default
10-25 12:14:22.404   774   774 I IrisService: irisConfigureSet(0, 1, 0)
10-25 12:14:22.422  7592  7592 D PredictionService: onRequestPredictionUpdate
10-25 12:14:22.422  3075  3075 I GoogleInputMethodService: GoogleInputMethodService.onFinishInput():3316 
10-25 12:14:22.423  7592  7592 D PredictionService: update predictions
10-25 12:14:22.425  3075  3075 I GoogleInputMethodService: GoogleInputMethodService.updateDeviceLockedStatus():2181 checkRepeatedly = false, unlocked = true
10-25 12:14:22.425  3075  3075 I GoogleInputMethodService: GoogleInputMethodService.onStartInput():1989 
10-25 12:14:22.426  3075  3075 I GoogleInputMethodService: GoogleInputMethodService.updateDeviceLockedStatus():2181 checkRepeatedly = true, unlocked = true
10-25 12:14:22.436  5161  5161 I android_os_HwBinder: HwBinder: Starting thread pool for getting: vendor.pixelworks.hardware.display@1.0::IIris/default
10-25 12:14:22.437   774   774 I IrisService: irisConfigureSet(41, 1, 0)
10-25 12:14:22.439  5161  5161 I android_os_HwBinder: HwBinder: Starting thread pool for getting: vendor.pixelworks.hardware.display@1.0::IIris/default
10-25 12:14:22.442   774   859 I IrisService: irisConfigureSet(42, 1, 0)
10-25 12:14:22.445  5161  5161 I android_os_HwBinder: HwBinder: Starting thread pool for getting: vendor.pixelworks.hardware.display@1.0::IIris/default
10-25 12:14:22.445   774   859 I IrisService: irisConfigureSet(40, 1, 0)
10-25 12:14:22.469  5161  5161 I android_os_HwBinder: HwBinder: Starting thread pool for getting: vendor.pixelworks.hardware.display@1.0::IIris/default
10-25 12:14:22.470   774   859 I IrisService: irisConfigureSet(36, 1, 0)
10-25 12:14:22.502  5161  5161 D PureDisplay: getWhiteBalanceAutoMode()0
10-25 12:14:22.503  5161  5161 D PureDisplay: AutoLuxController,registerListener
10-25 12:14:22.509  5161  5161 I android_os_HwBinder: HwBinder: Starting thread pool for getting: vendor.pixelworks.hardware.display@1.0::IIris/default
10-25 12:14:22.510   774   859 I IrisService: irisConfigureSet(39, 1, 1)
10-25 12:14:22.537  5161  5161 I android_os_HwBinder: HwBinder: Starting thread pool for getting: vendor.pixelworks.hardware.display@1.0::IIris/default
10-25 12:14:22.538   774 31148 I IrisService: irisConfigureSet(264, 1, 0)
10-25 12:14:25.899 31396 31396 W app_process: type=1400 audit(0.0:28823): avc: denied { read } for name="u:object_r:device_config_runtime_native_boot_prop:s0" dev="tmpfs" ino=12011 scontext=u:r:shell:s0 tcontext=u:object_r:device_config_runtime_native_boot_prop:s0 tclass=file permissive=0
10-25 12:14:25.899 31396 31396 I chatty  : uid=2000(shell) app_process identical 1 line
10-25 12:14:25.899 31396 31396 W app_process: type=1400 audit(0.0:28825): avc: denied { read } for name="u:object_r:device_config_runtime_native_boot_prop:s0" dev="tmpfs" ino=12011 scontext=u:r:shell:s0 tcontext=u:object_r:device_config_runtime_native_boot_prop:s0 tclass=file permissive=0
10-25 12:14:25.902 31396 31396 D AndroidRuntime: >>>>>> START com.android.internal.os.RuntimeInit uid 2000 <<<<<<
10-25 12:14:25.907 31396 31396 E libc    : Access denied finding property "persist.device_config.runtime_native_boot.enable_apex_image"
10-25 12:14:25.907 31396 31396 I AndroidRuntime: Using default boot image
10-25 12:14:25.907 31396 31396 E libc    : Access denied finding property "persist.device_config.runtime_native_boot.disable_lock_profiling"
10-25 12:14:25.907 31396 31396 I AndroidRuntime: Leaving lock profiling enabled
10-25 12:14:25.907 31396 31396 E libc    : Access denied finding property "persist.device_config.runtime_native_boot.enable_generational_cc"
10-25 12:14:26.001 31396 31396 D ICU     : Time zone APEX file found: /apex/com.android.tzdata/etc/icu/icu_tzdata.dat
10-25 12:14:26.024 31396 31396 I app_process: The ClassLoaderContext is a special shared library.
10-25 12:14:26.048 31396 31396 W app_process: JNI RegisterNativeMethods: attempt to register 0 native methods for android.media.AudioAttributes
10-25 12:14:26.058 31396 31396 D AndroidRuntime: Calling main entry com.android.commands.input.Input
10-25 12:14:26.077 31396 31396 D AndroidRuntime: Shutting down VM
