10-25 12:13:18.274  1523  6438 I WifiService: startScan uid=10207
10-25 12:13:18.277  1523  2012 I WifiScanRequestProxy: Scan request from com.vrem.wifianalyzer throttled
10-25 12:13:18.278  1523  6438 E WifiService: Failed to start scan
10-25 12:13:18.440 31226 31238 I em.wifianalyze: Background concurrent copying GC freed 738865(22MB) AllocSpace objects, 12(432KB) LOS objects, 49% free, 8842KB/17MB, paused 71us total 123.822ms
10-25 12:13:19.401 31318 31318 D MonkeyStub: translateCommand: tap 74 170
10-25 12:13:19.406  1523  1624 W Looper  : Slow delivery took 256040655ms android.ui h=android.view.GestureDetector$GestureHandler c=null m=1
10-25 12:13:19.420  1523  1624 W Looper  : Drained
10-25 12:13:20.433 31318 31318 D MonkeyStub: translateCommand: tap 300 755
10-25 12:13:20.439  1523  1624 W Looper  : Slow delivery took 256041687ms android.ui h=android.view.GestureDetector$GestureHandler c=null m=1
10-25 12:13:20.454  1523  1624 W Looper  : Drained
10-25 12:13:20.498  1523  6897 I WifiService: startScan uid=10207
10-25 12:13:20.499  1523  2012 I WifiScanRequestProxy: Scan request from com.vrem.wifianalyzer throttled
10-25 12:13:20.501  1523  6897 E WifiService: Failed to start scan
10-25 12:13:20.582  1523  6897 I WifiService: startScan uid=10207
10-25 12:13:20.583  1523  2012 I WifiScanRequestProxy: Scan request from com.vrem.wifianalyzer throttled
10-25 12:13:20.584  1523  6897 E WifiService: Failed to start scan
10-25 12:13:23.291  1339 31351 E memtrack: Couldn't load memtrack module
10-25 12:13:23.291  1339 31351 W android.os.Debug: failed to get memory consumption info: -1
10-25 12:13:23.308  1523  6897 I WifiService: startScan uid=10207
10-25 12:13:23.310  1523  2012 I WifiScanRequestProxy: Scan request from com.vrem.wifianalyzer throttled
10-25 12:13:23.311  1523  6897 E WifiService: Failed to start scan
10-25 12:13:24.838  1523  6897 D WificondControl: Scan result ready event
10-25 12:13:24.839  1168 20338 I LOWI-8.6.0.67: [LOWI-Scan] lowi_close_record:Scan done in 1113301793ms, 17 APs in scan results
10-25 12:13:24.845   992   992 I wificond: wifi generation capability mask: 11
10-25 12:13:24.867  1523  2012 D WifiClientModeImpl: CMD_START_CONNECT sup state DisconnectedState my state DisconnectedState nid=5 roam=false
10-25 12:13:24.869  1523  2012 D WifiClientModeImpl: No changes in MAC address
10-25 12:13:24.871  1523  2012 I WifiClientModeImpl: Connecting with 5a:5f:0d:68:b5:7c as the mac address
10-25 12:13:24.872   992   992 W wificond: Scan is not started. Ignore abort request
10-25 12:13:24.873  1523  2012 D SupplicantStaIfaceHal: connectToNetwork "string-theory"WPA_PSK isAscii=true
10-25 12:13:24.873  1523  2012 D SupplicantStaIfaceHal: Network is already saved, will not trigger remove and add operation.
10-25 12:13:24.874  2426  2426 I wpa_supplicant: getCapabilitiesInternal capabilities: NONE IEEE8021X WPA-EAP WPA-PSK WPA-EAP-SUITE-B FILS-SHA256 FILS-SHA384 FT-PSK
10-25 12:13:24.875  2426  2426 I wpa_supplicant: wlan0: CTRL-EVENT-SSID-REENABLED id=0 ssid="string-theory"
10-25 12:13:24.875  2426  2426 E wpa_supplicant: eap_proxy: eap_proxy_notify_config
10-25 12:13:24.875  2426  2426 I wpa_supplicant: wlan0: Trying to associate with SSID 'string-theory'
10-25 12:13:24.879  2660  2660 D DPMJ    : |SERVICE| DPM received action android.net.wifi.STATE_CHANGE
10-25 12:13:24.879  2454  2454 D BluetoothAdapterService: android.net.wifi.STATE_CHANGE
10-25 12:13:24.880 15033 15033 I VowifiService: intentandroid.net.wifi.STATE_CHANGE
10-25 12:13:24.880  2803  4974 D QCNEJ/WlanStaInfoRelay: Received action: android.net.wifi.STATE_CHANGE
10-25 12:13:24.880  2660  2660 I DPMJ    : |SERVICE| sendWifiStatus - subType: 21 networkState: 0 softApState: 11 rssi=0 ssid= bssid=00:00:00:00:00:00 ipV4Addr= ifNameV4= ipAddrV6= ifNameV6=
10-25 12:13:24.880 15033 15033 I VowifiService: isWifiConnectedCurrent() return false
10-25 12:13:24.880 15033 15033 I VowifiService: cancel notification
10-25 12:13:24.881  1523  4969 V LocSvc_HIDL_Subscription_jni: wifi_supplicant_status_update
10-25 12:13:24.881  1523  4969 V LocSvc_HIDL_Subscription_jni: [wifi_supplicant_status_update][703] [HC] =>> [HS]
10-25 12:13:24.881   772   772 V LocSvc_HIDL_IzatSubscription: [wifiSupplicantStatusUpdate][675] [HS] <<<<= [HC]
10-25 12:13:24.881  2803  4974 I QCNEJ/NativeHalConnector: -> SND notifyWlanStaStatusChanged([WlanStaInfo]: wifiSwitchState = 1 rssi = -127 ssid = string-theory bssid = b8:27:eb:8d:13:72 dnsInfo = 0.0.0.0;0.0.0.0;0.0.0.0;0.0.0.0; freqBand = _2GHz countryCode = [RatInfo]: networkType = 1 subType = 101 networkState = CONNECTING netHdl = -1 ipAddrV4 =  ipAddrV6 =  ifNameV4 =  ifNameV6 =  slotIdx = 0 isAndroidValidated = false) timeStamp = 2022-10-25 12:13:24.881
10-25 12:13:24.882  1523  4969 V LocSvc_HIDL_Subscription_jni: Exit Result 0
10-25 12:13:24.882  2454  2454 D BluetoothVendorService: setWifiState to: false
10-25 12:13:24.882  2454  2454 I BluetoothVendorJni: setWifiStateNative
10-25 12:13:24.882  2454  2454 I bt_btif_vendor: setWifiState :0
10-25 12:13:24.885  2426  2426 E wpa_supplicant: eap_proxy: eap_proxy_notify_config
10-25 12:13:24.885  2426  2426 E wpa_supplicant: eap_proxy: eap_proxy_allowed_method
10-25 12:13:24.920   783  2509 I WifiHAL : send oem msg of len : 80 to apps
10-25 12:13:24.921  1523  1622 I EthernetTracker: interfaceLinkStateChanged, iface: wlan0, up: false
10-25 12:13:24.922   730   730 I netd    : interfaceGetCfg("wlan0") <0.38ms>
10-25 12:13:24.925  2426  2426 I wpa_supplicant: wlan0: Associated with b8:27:eb:8d:13:72
10-25 12:13:24.925  2426  2426 I wpa_supplicant: wlan0: WPA: RX message 1 of 4-Way Handshake from b8:27:eb:8d:13:72 (ver=2)
10-25 12:13:24.925  1523  1622 I EthernetTracker: interfaceLinkStateChanged, iface: wlan0, up: true
10-25 12:13:24.926  2426  2426 I wpa_supplicant: wlan0: WPA: Sending EAPOL-Key 2/4
10-25 12:13:24.926  2426  2426 I wpa_supplicant: wlan0: CTRL-EVENT-SUBNET-STATUS-UPDATE status=0
10-25 12:13:24.927   730   730 I netd    : interfaceGetCfg("wlan0") <0.31ms>
10-25 12:13:24.928  2454  2454 D BluetoothAdapterService: android.net.wifi.STATE_CHANGE
10-25 12:13:24.929  2803  4974 D QCNEJ/WlanStaInfoRelay: Received action: android.net.wifi.STATE_CHANGE
10-25 12:13:24.929  2660  2660 D DPMJ    : |SERVICE| DPM received action android.net.wifi.STATE_CHANGE
10-25 12:13:24.929 15033 15033 I VowifiService: intentandroid.net.wifi.STATE_CHANGE
10-25 12:13:24.930  2803  4974 I QCNEJ/NativeHalConnector: -> SND notifyWlanStaStatusChanged([WlanStaInfo]: wifiSwitchState = 1 rssi = -127 ssid = string-theory bssid = b8:27:eb:8d:13:72 dnsInfo = 0.0.0.0;0.0.0.0;0.0.0.0;0.0.0.0; freqBand = _2GHz countryCode = [RatInfo]: networkType = 1 subType = 101 networkState = CONNECTING netHdl = -1 ipAddrV4 =  ipAddrV6 =  ifNameV4 =  ifNameV6 =  slotIdx = 0 isAndroidValidated = false) timeStamp = 2022-10-25 12:13:24.93
10-25 12:13:24.930 15033 15033 I VowifiService: isWifiConnectedCurrent() return false
10-25 12:13:24.930 15033 15033 I VowifiService: cancel notification
10-25 12:13:24.931  2454  2454 D BluetoothVendorService: setWifiState to: false
10-25 12:13:24.931  2454  2454 I BluetoothVendorJni: setWifiStateNative
10-25 12:13:24.931  2454  2454 I bt_btif_vendor: setWifiState :0
10-25 12:13:24.931  1523  4969 V LocSvc_HIDL_Subscription_jni: wifi_supplicant_status_update
10-25 12:13:24.931  1523  4969 V LocSvc_HIDL_Subscription_jni: [wifi_supplicant_status_update][703] [HC] =>> [HS]
10-25 12:13:24.932   772   772 V LocSvc_HIDL_IzatSubscription: [wifiSupplicantStatusUpdate][675] [HS] <<<<= [HC]
10-25 12:13:24.932  1523  4969 V LocSvc_HIDL_Subscription_jni: Exit Result 0
10-25 12:13:24.933  1523  4969 V LocSvc_HIDL_Subscription_jni: wifi_supplicant_status_update
10-25 12:13:24.933  1523  4969 V LocSvc_HIDL_Subscription_jni: [wifi_supplicant_status_update][703] [HC] =>> [HS]
10-25 12:13:24.933  2660  2660 I DPMJ    : |SERVICE| sendWifiStatus - subType: 21 networkState: 0 softApState: 11 rssi=0 ssid= bssid=00:00:00:00:00:00 ipV4Addr= ifNameV4= ipAddrV6= ifNameV6=
10-25 12:13:24.934   772   772 V LocSvc_HIDL_IzatSubscription: [wifiSupplicantStatusUpdate][675] [HS] <<<<= [HC]
10-25 12:13:24.934  1523  4969 V LocSvc_HIDL_Subscription_jni: Exit Result 0
10-25 12:13:24.953  1618 31352 E memtrack: Couldn't load memtrack module
10-25 12:13:24.953  1618 31352 W android.os.Debug: failed to get memory consumption info: -1
10-25 12:13:25.925  2426  2426 I wpa_supplicant: wlan0: WPA: RX message 1 of 4-Way Handshake from b8:27:eb:8d:13:72 (ver=2)
10-25 12:13:25.925  2426  2426 I wpa_supplicant: wlan0: WPA: Sending EAPOL-Key 2/4
10-25 12:13:26.925  2426  2426 I wpa_supplicant: wlan0: WPA: RX message 1 of 4-Way Handshake from b8:27:eb:8d:13:72 (ver=2)
10-25 12:13:26.925  2426  2426 I wpa_supplicant: wlan0: WPA: Sending EAPOL-Key 2/4
10-25 12:13:27.571  1523  1635 D CompatibilityInfo: mCompatibilityFlags - 0
10-25 12:13:27.571  1523  1635 D CompatibilityInfo: applicationDensity - 420
10-25 12:13:27.572  1523  1635 D CompatibilityInfo: applicationScale - 1.0
10-25 12:13:27.928  2426  2426 I wpa_supplicant: wlan0: WPA: RX message 1 of 4-Way Handshake from b8:27:eb:8d:13:72 (ver=2)
10-25 12:13:27.928  2426  2426 I wpa_supplicant: wlan0: WPA: Sending EAPOL-Key 2/4
10-25 12:13:28.337  1523  7644 I WifiService: startScan uid=10207
10-25 12:13:28.339  1523  2012 I WifiScanRequestProxy: Scan request from com.vrem.wifianalyzer throttled
10-25 12:13:28.340  1523  7644 E WifiService: Failed to start scan
10-25 12:13:28.937  1523  1622 I EthernetTracker: interfaceLinkStateChanged, iface: wlan0, up: false
10-25 12:13:28.938  1523  1622 I EthernetTracker: interfaceLinkStateChanged, iface: wlan0, up: false
10-25 12:13:28.939  2426  2426 I wpa_supplicant: wlan0: CTRL-EVENT-DISCONNECTED bssid=b8:27:eb:8d:13:72 reason=2
10-25 12:13:28.939  2426  2426 I wpa_supplicant: wlan0: WPA: 4-Way Handshake failed - pre-shared key may be incorrect
10-25 12:13:28.939  2426  2426 I wpa_supplicant: wlan0: CTRL-EVENT-SSID-TEMP-DISABLED id=0 ssid="string-theory" auth_failures=1 duration=10 reason=WRONG_KEY
10-25 12:13:28.940  2426  2426 E wpa_supplicant: nl80211: Failed to open /proc/sys/net/ipv4/conf/wlan0/drop_unicast_in_l2_multicast: No such file or directory
10-25 12:13:28.940   730   730 I netd    : interfaceGetCfg("wlan0") <0.60ms>
10-25 12:13:28.940  2426  2426 E wpa_supplicant: nl80211: Failed to set IPv4 unicast in multicast filter
10-25 12:13:28.940  2426  2426 E wpa_supplicant: eap_proxy: eap_proxy_notify_config
10-25 12:13:28.941   783  2509 I WifiHAL : Fate Tx-Rx: Packet fate stats stop received
10-25 12:13:28.941   783  2509 I WifiHAL : send oem msg of len : 80 to apps
10-25 12:13:28.943   730   730 I netd    : interfaceGetCfg("wlan0") <0.52ms>
10-25 12:13:28.944  1523  2012 W WifiDiags: CaptureBugReport 2
10-25 12:13:28.947   783   783 E WifiHAL : wifi_get_ring_data: Error -5 happened. 
10-25 12:13:28.948  1523  2012 E WifiVendorHal: getRingBufferData(l.1675) failed {.code = ERROR_INVALID_ARGS, .description = }
10-25 12:13:28.989  1523  1523 W ClientModeImpl: type=1400 audit(0.0:28820): avc: denied { syslog_read } for scontext=u:r:system_server:s0 tcontext=u:r:kernel:s0 tclass=system permissive=0
10-25 12:13:28.989   783   783 W wifi@1.0-servic: type=1400 audit(0.0:28821): avc: denied { write } for name="wifi" dev="mmcblk0p68" ino=2883588 scontext=u:r:hal_wifi_default:s0 tcontext=u:object_r:vendor_tombstone_data_file:s0 tclass=dir permissive=0
10-25 12:13:28.997  1523  2012 D WifiDiags: Reading kernel log ...
10-25 12:13:28.997  1523  2012 D wifi-jni: no kernel logs
10-25 12:13:28.998   783   783 E android.hardware.wifi@1.0-service: create file failed: Permission denied
10-25 12:13:28.998   783   783 E android.hardware.wifi@1.0-service: Error writing files to flash
10-25 12:13:28.999  1523  2012 E WifiVendorHal: flushRingBufferData(l.1693) failed {.code = ERROR_UNKNOWN, .description = }
10-25 12:13:28.999  1523  2012 W WifiDiags: could not flush ringbuffer
10-25 12:13:29.009  2803  4974 D QCNEJ/WlanStaInfoRelay: Received action: android.net.wifi.STATE_CHANGE
10-25 12:13:29.009  2454  2454 D BluetoothAdapterService: android.net.wifi.STATE_CHANGE
10-25 12:13:29.009  2803  4974 D QCNEJ/WlanStaInfoRelay: reset CountryCodeRetriever
10-25 12:13:29.009  2660  2660 D DPMJ    : |SERVICE| DPM received action android.net.wifi.STATE_CHANGE
10-25 12:13:29.009  2803  4974 I QCNEJ/NativeHalConnector: -> SND notifyWlanStaStatusChanged([WlanStaInfo]: wifiSwitchState = 1 rssi = 0 ssid =  bssid = 00:00:00:00:00:00 dnsInfo = 0.0.0.0;0.0.0.0;0.0.0.0;0.0.0.0; freqBand = _2GHz countryCode = [RatInfo]: networkType = 1 subType = 101 networkState = DISCONNECTED netHdl = -1 ipAddrV4 =  ipAddrV6 =  ifNameV4 =  ifNameV6 =  slotIdx = 0 isAndroidValidated = false) timeStamp = 2022-10-25 12:13:29.009
10-25 12:13:29.010 15033 15033 I VowifiService: intentandroid.net.wifi.STATE_CHANGE
10-25 12:13:29.011  2660  2660 I DPMJ    : |SERVICE| sendWifiStatus - subType: 21 networkState: 4 softApState: 11 rssi=0 ssid= bssid=00:00:00:00:00:00 ipV4Addr= ifNameV4= ipAddrV6= ifNameV6=
10-25 12:13:29.011  1523  4969 V LocSvc_HIDL_Subscription_jni: wifi_supplicant_status_update
10-25 12:13:29.011  1523  4969 V LocSvc_HIDL_Subscription_jni: [wifi_supplicant_status_update][703] [HC] =>> [HS]
10-25 12:13:29.011  2454  2454 D BluetoothVendorService: setWifiState to: false
10-25 12:13:29.011  2454  2454 I BluetoothVendorJni: setWifiStateNative
10-25 12:13:29.011  2454  2454 I bt_btif_vendor: setWifiState :0
10-25 12:13:29.011   772   772 V LocSvc_HIDL_IzatSubscription: [wifiSupplicantStatusUpdate][675] [HS] <<<<= [HC]
10-25 12:13:29.012 15033 15033 I VowifiService: isWifiConnectedCurrent() return false
10-25 12:13:29.012 15033 15033 I VowifiService: cancel notification
10-25 12:13:29.012  1523  4969 V LocSvc_HIDL_Subscription_jni: Exit Result 0
10-25 12:13:30.473 31318 31318 D MonkeyStub: translateCommand: tap 94 160
10-25 12:13:31.933   783  2509 E WifiHAL : Received fatal event, sending alert
10-25 12:13:31.934  1523  3185 W WifiVendorHal: onDebugErrorAlert 14
10-25 12:13:31.935  1523  2012 W WifiDiags: CaptureBugReport 14
10-25 12:13:31.979  1523  1523 W ClientModeImpl: type=1400 audit(0.0:28822): avc: denied { syslog_read } for scontext=u:r:system_server:s0 tcontext=u:r:kernel:s0 tclass=system permissive=0
10-25 12:13:31.984  1523  2012 D WifiDiags: Reading kernel log ...
10-25 12:13:31.984  1523  2012 D wifi-jni: no kernel logs
10-25 12:13:33.387  1523  7644 I WifiService: startScan uid=10207
10-25 12:13:33.388  1523  2012 I WifiScanRequestProxy: Scan request from com.vrem.wifianalyzer throttled
10-25 12:13:33.389  1523  7644 E WifiService: Failed to start scan
10-25 12:13:38.425  1523  7644 I WifiService: startScan uid=10207
10-25 12:13:38.426  1523  2012 I WifiScanRequestProxy: Scan request from com.vrem.wifianalyzer throttled
10-25 12:13:38.428  1523  7644 E WifiService: Failed to start scan
10-25 12:13:40.514 31318 31318 D MonkeyStub: translateCommand: tap 344 1077
10-25 12:13:40.517  1523  1624 W Looper  : Slow delivery took 256061765ms android.ui h=android.view.GestureDetector$GestureHandler c=null m=1
10-25 12:13:40.523  1523  1624 W Looper  : Drained
10-25 12:13:41.553 31318 31318 D MonkeyStub: translateCommand: tap 77 170
10-25 12:13:41.557  1523  1624 W Looper  : Slow delivery took 256062806ms android.ui h=android.view.GestureDetector$GestureHandler c=null m=1
10-25 12:13:41.572  1523  1624 W Looper  : Drained
10-25 12:13:43.062   587   587 I hwservicemanager: getTransport: Cannot find entry vendor.qti.hardware.servicetracker@1.0::IServicetracker/default in either framework or device manifest.
10-25 12:13:43.067  2454  3132 I BtGatt.ScanManager: msg.what = 6
10-25 12:13:43.459  1523  8000 I WifiService: startScan uid=10207
10-25 12:13:43.460  1523  2012 I WifiScanRequestProxy: Scan request from com.vrem.wifianalyzer throttled
10-25 12:13:43.461  1523  8000 E WifiService: Failed to start scan
10-25 12:13:48.474  1523  8000 I WifiService: startScan uid=10207
10-25 12:13:48.475  1523  2012 I WifiScanRequestProxy: Scan request from com.vrem.wifianalyzer throttled
10-25 12:13:48.476  1523  8000 E WifiService: Failed to start scan
10-25 12:13:51.595 31318 31318 D MonkeyStub: translateCommand: tap 293 390
10-25 12:13:51.600  1523  1624 W Looper  : Slow delivery took 256072849ms android.ui h=android.view.GestureDetector$GestureHandler c=null m=1
10-25 12:13:51.604  1523  1624 W Looper  : Drained
10-25 12:13:51.606 31318 31318 D MonkeyStub: Quit requested
10-25 12:13:51.609 31318 31318 I Monkey  : Events injected: 26
10-25 12:13:51.613  1523  1523 V SettingsProvider: Notifying for 0: content://settings/system/accelerometer_rotation
10-25 12:13:51.622  1523  1523 V SettingsProvider: Notifying for 0: content://settings/system/accelerometer_rotation
10-25 12:13:51.635 31318 31318 I Monkey  : ## Network stats: elapsed time=70146ms (0ms mobile, 0ms wifi, 70146ms not connected)
10-25 12:13:51.636 31318 31318 W Monkey  : ** System appears to have crashed at event 26 of 2147483647 using seed 1666774999818
10-25 12:13:51.637 31318 31318 I app_process: System.exit called, status: 26
10-25 12:13:51.637 31318 31318 I AndroidRuntime: VM exiting with result code 26.
10-25 12:13:51.638  1523  6897 I WifiService: startScan uid=10207
10-25 12:13:51.640  1523  2012 I WifiScanRequestProxy: Scan request from com.vrem.wifianalyzer throttled
10-25 12:13:51.640  1523  6897 E WifiService: Failed to start scan
10-25 12:13:51.674  1523  8578 W WindowManager: removeWindowToken: Attempted to remove non-existing token: android.os.Binder@cff092f
10-25 12:13:51.676  1523  1523 V SettingsProvider: Notifying for 0: content://settings/secure/accessibility_enabled
10-25 12:13:51.681  5118  5165 I A       : NGA enabled in interactor.
10-25 12:13:51.681  5118  5165 I A       : Nga state changed to ENABLED
10-25 12:13:51.683  3599 15041 I A       : Initializing all components
10-25 12:13:51.683  3599 15041 I A       : [Memory] eligibility: StashEligibility{3}
10-25 12:13:51.683  3599  4600 I A       : onIsEnabledChanged, isEnabled: true
10-25 12:13:51.683  3599  4600 I A       : onEnabled. Registered: false
10-25 12:13:51.684  3599  4593 I A       : State changed: IDLE => IDLE by NGA_STATE_CHANGED and N/A with Optional.empty
10-25 12:13:51.685  3599  4593 I A       : Recognizer choice: (recognizer_type: 1, recognizer_mode: 1, choice_reason: 4)
10-25 12:13:51.687  3599  4593 I A       : onActiveStateChangeEvent: IDLE => IDLE
10-25 12:13:51.690  3599  4289 I A       : stopListening(NGA_PAUSED_UNKNOWN_REASON, NGA_CREATE), idleOverride=NOT_LISTENING
10-25 12:13:51.693  3599  4600 I A       : setSysUiConfiguration, isAvailable: true
10-25 12:13:51.693  3599  4600 I A       : setSearchAssistLayerUiConfiguration, isAvailable: false
10-25 12:13:51.693  3599  4600 E A       : Sending config bundle on null callback
10-25 12:13:51.694  3599  4603 I A       : on opa visibility changed false
10-25 12:13:51.696  3599  4227 I A       : on opa visibility changed false
10-25 12:13:51.697  3599  4600 I A       : setScreenState
10-25 12:13:51.697  3599  4600 I A       : Dropping message not meant for SystemUI.
10-25 12:13:51.697  3599  4600 I A       : setEdgeLights: EdgeLights{state=GONE, goneLogoState=NONE, listening=false, triggerType=UNKNOWN}
10-25 12:13:51.697  3599  4600 I A       : Dropping message not meant for SystemUI.
10-25 12:13:51.698  3599  4600 I A       : setCard: Card{isVisible=false, color=UNKNOWN, animateTransition=false, forcesScrim=true}
10-25 12:13:51.698  3599  4600 I A       : Dropping message not meant for SystemUI.
10-25 12:13:51.698  3599  4600 I A       : setLoggingState
10-25 12:13:51.698   587   587 I hwservicemanager: getTransport: Cannot find entry vendor.qti.hardware.servicetracker@1.0::IServicetracker/default in either framework or device manifest.
10-25 12:13:51.698  3599  4600 I A       : Dropping message not meant for SystemUI.
10-25 12:13:51.698  3599  4600 I A       : setShelfConfig
10-25 12:13:51.698  3599  4600 I A       : Dropping message not meant for SystemUI.
10-25 12:13:51.698  3599  4600 I A       : setRightIconConfig
10-25 12:13:51.698  3599  4600 I A       : Dropping message not meant for SystemUI.
10-25 12:13:51.699  3599  4600 I A       : setLeftIconConfig
10-25 12:13:51.699  3599  4600 I A       : Dropping message not meant for SystemUI.
10-25 12:13:51.699  3599  4600 I A       : setAVS
10-25 12:13:51.699  3599  4600 I A       : Dropping message not meant for SystemUI.
10-25 12:13:51.712  3599  4603 I A       : Successfully initialized all components
10-25 12:13:51.714  3599  4600 I A       : setWarmActionsUi
10-25 12:13:51.715  3599  4600 I A       : Dropping message not meant for SystemUI.
10-25 12:13:51.715  3599  4600 I A       : Setting session to type: NO_SESSION
10-25 12:13:51.715  3599  4600 W A       : Disposing empty manager. Did you forgot to subscribe observables?
10-25 12:13:51.718  3599  4600 I A       : onOpaVisibilityChanged: false
10-25 12:13:51.718  3599  4600 I A       : onInputPlateContentChanged, singleKind: EMPTY, doubleKind: EMPTY, topKind: EMPTY
10-25 12:13:51.718  3599  4600 I A       : setInputPlateContent
10-25 12:13:51.718  3599  4600 I A       : Dropping message not meant for SystemUI.
10-25 12:13:51.718  3599  4600 I A       : setHeroChip
10-25 12:13:51.718  3599  4600 I A       : Dropping message not meant for SystemUI.
10-25 12:13:51.718  3599  4600 I A       : setBlueBar
10-25 12:13:51.718  3599  4600 I A       : Dropping message not meant for SystemUI.
10-25 12:13:51.718  3599  4600 I A       : setQuickActionsConfig
10-25 12:13:51.718  3599  4600 I A       : Dropping message not meant for SystemUI.
10-25 12:13:51.719  3599  4600 I A       : setTactileExpandableSheetConfig
10-25 12:13:51.719  3599  4600 I A       : Dropping message not meant for SystemUI.
10-25 12:13:51.719  3599  4600 I A       : inputPlateStageType: SWITCH_TO_GONE_STAGE
10-25 12:13:51.719  3599  4600 W A       : Disposing empty manager. Did you forgot to subscribe observables?
10-25 12:13:51.719   587   587 I hwservicemanager: getTransport: Cannot find entry vendor.qti.hardware.servicetracker@1.0::IServicetracker/default in either framework or device manifest.
10-25 12:13:51.720  1523  7644 I WifiService: startScan uid=10207
10-25 12:13:51.722  1523  6897 D CompatibilityInfo: mCompatibilityFlags - 0
10-25 12:13:51.722  1523  6897 D CompatibilityInfo: applicationDensity - 420
10-25 12:13:51.722  1523  6897 D CompatibilityInfo: applicationScale - 1.0
10-25 12:13:51.723   587   587 I hwservicemanager: getTransport: Cannot find entry vendor.qti.hardware.servicetracker@1.0::IServicetracker/default in either framework or device manifest.
10-25 12:13:51.725  1523  2012 I WifiScanRequestProxy: Scan request from com.vrem.wifianalyzer throttled
10-25 12:13:51.725  3599  4600 I A       : setSecondaryDisplayState
10-25 12:13:51.726  1523  7644 E WifiService: Failed to start scan
10-25 12:13:51.726  3599  4600 I A       : Dropping message not meant for SystemUI.
10-25 12:13:51.727   587   587 I hwservicemanager: getTransport: Cannot find entry vendor.qti.hardware.servicetracker@1.0::IServicetracker/default in either framework or device manifest.
10-25 12:13:51.727  3599  4603 I NgaEntryPointEventSendr: setupConnection
10-25 12:13:51.731   587   587 I hwservicemanager: getTransport: Cannot find entry vendor.qti.hardware.servicetracker@1.0::IServicetracker/default in either framework or device manifest.
10-25 12:13:51.735   587   587 I hwservicemanager: getTransport: Cannot find entry vendor.qti.hardware.servicetracker@1.0::IServicetracker/default in either framework or device manifest.
10-25 12:13:51.739  3599  3599 I A       : eventData = # com.google.android.apps.gsa.search.shared.service.c.uw@6d01a12f
10-25 12:13:51.739  3599  3599 I A       : [255935327] {
10-25 12:13:51.739  3599  3599 I A       : }
10-25 12:13:51.741  1523  5348 D CompatibilityInfo: mCompatibilityFlags - 0
10-25 12:13:51.742  1523  5348 D CompatibilityInfo: applicationDensity - 420
10-25 12:13:51.742  1523  5348 D CompatibilityInfo: applicationScale - 1.0
10-25 12:13:51.742   587   587 I hwservicemanager: getTransport: Cannot find entry vendor.qti.hardware.servicetracker@1.0::IServicetracker/default in either framework or device manifest.
10-25 12:13:51.743  5118  5118 I A       : Creating pss binder().
10-25 12:13:51.744   587   587 I hwservicemanager: getTransport: Cannot find entry vendor.qti.hardware.servicetracker@1.0::IServicetracker/default in either framework or device manifest.
10-25 12:13:51.745  3599  4603 I NgaEntryPointEventSendr: State changed: Disconnected => Connecting
10-25 12:13:51.747   587   587 I hwservicemanager: getTransport: Cannot find entry vendor.qti.hardware.servicetracker@1.0::IServicetracker/default in either framework or device manifest.
10-25 12:13:51.749  3599  3599 I A       : eventData = # com.google.android.apps.gsa.search.shared.service.c.uw@6d01a12f
10-25 12:13:51.749  3599  3599 I A       : [255935327] {
10-25 12:13:51.749  3599  3599 I A       : }
10-25 12:13:51.749  3599  3599 I A       : eventData = # com.google.android.apps.gsa.search.shared.service.c.uw@6d01a12f
10-25 12:13:51.749  3599  3599 I A       : [255935327] {
10-25 12:13:51.749  3599  3599 I A       : }
10-25 12:13:51.749  3599  4600 I NgaEntryPointEventSendr: onServiceConnected
10-25 12:13:51.750  5118 11636 I A       : Calling beginBinderSession().
10-25 12:13:51.751   587   587 I hwservicemanager: getTransport: Cannot find entry vendor.qti.hardware.servicetracker@1.0::IServicetracker/default in either framework or device manifest.
10-25 12:13:51.751  5118 11636 I A       : beginBinderSession(): calling binder
10-25 12:13:51.752  3599  4600 I NgaEntryPointEventSendr: State changed: Connecting => Ready
10-25 12:13:51.753  1523  6119 D CompatibilityInfo: mCompatibilityFlags - 0
10-25 12:13:51.753  1523  6119 D CompatibilityInfo: applicationDensity - 420
10-25 12:13:51.753  1523  6119 D CompatibilityInfo: applicationScale - 1.0
10-25 12:13:51.755   587   587 I hwservicemanager: getTransport: Cannot find entry vendor.qti.hardware.servicetracker@1.0::IServicetracker/default in either framework or device manifest.
10-25 12:13:51.757   587   587 I hwservicemanager: getTransport: Cannot find entry vendor.qti.hardware.servicetracker@1.0::IServicetracker/default in either framework or device manifest.
10-25 12:13:51.761  1339 26509 E AuthPII : [GoogleAccountDataServiceImpl] getToken() -> NETWORK_ERROR. Account: Account {name=cigroup.robobos@gmail.com, type=com.google}, App: com.google.android.googlequicksearchbox, Service: oauth2:https://www.googleapis.com/auth/googlenow
10-25 12:13:51.761   587   587 I hwservicemanager: getTransport: Cannot find entry vendor.qti.hardware.servicetracker@1.0::IServicetracker/default in either framework or device manifest.
10-25 12:13:51.761  1339 26509 E AuthPII : Message is Error when calling server.
10-25 12:13:51.761  1339 26509 W GetToken: [GetToken]GetToken failed with status code: NetworkError
10-25 12:13:51.762  1339 26509 W GLSActivity: 
10-25 12:13:51.762  1339 26509 W GLSActivity: java.io.IOException: NetworkError
10-25 12:13:51.762  1339 26509 W GLSActivity: 	at iei.getAuthToken(:com.google.android.gms@214815028@21.48.15 (100400-414534850):32)
10-25 12:13:51.762  1339 26509 W GLSActivity: 	at android.accounts.AbstractAccountAuthenticator$Transport.getAuthToken(AbstractAccountAuthenticator.java:246)
10-25 12:13:51.762  1339 26509 W GLSActivity: 	at android.accounts.IAccountAuthenticator$Stub.onTransact(IAccountAuthenticator.java:282)
10-25 12:13:51.762  1339 26509 W GLSActivity: 	at android.os.Binder.transact(Binder.java:914)
10-25 12:13:51.762  1339 26509 W GLSActivity: 	at eoc.onTransact(:com.google.android.gms@214815028@21.48.15 (100400-414534850):2)
10-25 12:13:51.762  1339 26509 W GLSActivity: 	at android.os.Binder.transact(Binder.java:914)
10-25 12:13:51.762  1339 26509 W GLSActivity: 	at agpi.onTransact(:com.google.android.gms@214815028@21.48.15 (100400-414534850):17)
10-25 12:13:51.762  1339 26509 W GLSActivity: 	at android.os.Binder.execTransactInternal(Binder.java:1021)
10-25 12:13:51.762  1339 26509 W GLSActivity: 	at android.os.Binder.execTransact(Binder.java:994)
10-25 12:13:51.763   587   587 I hwservicemanager: getTransport: Cannot find entry vendor.qti.hardware.servicetracker@1.0::IServicetracker/default in either framework or device manifest.
10-25 12:13:51.764  5118  5225 W CorpusConfigHelper: Invalid input from icing corpus JSON flag.
10-25 12:13:51.764  5118  5225 W CorpusConfigHelper: android.util.MalformedJsonException: Use JsonReader.setLenient(true) to accept malformed JSON at line 123 column 2
10-25 12:13:51.764  5118  5225 W CorpusConfigHelper: 	at android.util.JsonReader.syntaxError(JsonReader.java:1162)
10-25 12:13:51.764  5118  5225 W CorpusConfigHelper: 	at android.util.JsonReader.checkLenient(JsonReader.java:840)
10-25 12:13:51.764  5118  5225 W CorpusConfigHelper: 	at android.util.JsonReader.nextInArray(JsonReader.java:615)
10-25 12:13:51.764  5118  5225 W CorpusConfigHelper: 	at android.util.JsonReader.peek(JsonReader.java:345)
10-25 12:13:51.764  5118  5225 W CorpusConfigHelper: 	at android.util.JsonReader.hasNext(JsonReader.java:321)
10-25 12:13:51.764  5118  5225 W CorpusConfigHelper: 	at com.google.android.apps.gsa.searchbox.c.b.b.k.c(PG:7)
10-25 12:13:51.764  5118  5225 W CorpusConfigHelper: 	at com.google.android.apps.gsa.searchbox.c.b.b.k.<init>(PG:5)
10-25 12:13:51.764  5118  5225 W CorpusConfigHelper: 	at com.google.android.apps.gsa.staticplugins.searchboxroot.features.n.a.c.<init>(PG:16)
10-25 12:13:51.764  5118  5225 W CorpusConfigHelper: 	at com.google.android.apps.gsa.staticplugins.searchboxroot.b.a(PG:14)
10-25 12:13:51.764  5118  5225 W CorpusConfigHelper: 	at com.google.android.apps.gsa.staticplugins.searchboxroot.x.<init>(PG:7)
10-25 12:13:51.764  5118  5225 W CorpusConfigHelper: 	at com.google.android.apps.gsa.binaries.velvet.app.akc.b(PG:55)
10-25 12:13:51.764  5118  5225 W CorpusConfigHelper: 	at dagger.a.e.b(PG:1)
10-25 12:13:51.764  5118  5225 W CorpusConfigHelper: 	at com.google.android.apps.gsa.staticplugins.searchboxroot.a.a.a(PG:3)
10-25 12:13:51.764  5118  5225 W CorpusConfigHelper: 	at com.google.android.apps.gsa.binaries.velvet.app.oe.f(Unknown Source:2434)
10-25 12:13:51.764  5118  5225 W CorpusConfigHelper: 	at com.google.android.apps.gsa.binaries.velvet.app.oe.b(PG:1)
10-25 12:13:51.764  5118  5225 W CorpusConfigHelper: 	at com.google.android.apps.gsa.search.core.service.g.a.c.a(PG:2)
10-25 12:13:51.764  5118  5225 W CorpusConfigHelper: 	at com.google.android.libraries.gsa.k.a.g.a(PG:2)
10-25 12:13:51.764  5118  5225 W CorpusConfigHelper: 	at com.google.common.w.a.dx.a(PG:1)
10-25 12:13:51.764  5118  5225 W CorpusConfigHelper: 	at com.google.common.w.a.cu.run(PG:4)
10-25 12:13:51.764  5118  5225 W CorpusConfigHelper: 	at com.google.common.w.a.dz.run(PG:1)
10-25 12:13:51.764  5118  5225 W CorpusConfigHelper: 	at com.google.android.libraries.i.aj.run(PG:1)
10-25 12:13:51.764  5118  5225 W CorpusConfigHelper: 	at java.util.concurrent.ThreadPoolExecutor.runWorker(ThreadPoolExecutor.java:1167)
10-25 12:13:51.764  5118  5225 W CorpusConfigHelper: 	at java.util.concurrent.ThreadPoolExecutor$Worker.run(ThreadPoolExecutor.java:641)
10-25 12:13:51.764  5118  5225 W CorpusConfigHelper: 	at com.google.android.libraries.i.f.run(PG:2)
10-25 12:13:51.764  5118  5225 W CorpusConfigHelper: 	at com.google.android.libraries.i.u.run(PG:4)
10-25 12:13:51.764  5118  5225 W CorpusConfigHelper: 	at java.lang.Thread.run(Thread.java:919)
10-25 12:13:51.765   587   587 I hwservicemanager: getTransport: Cannot find entry vendor.qti.hardware.servicetracker@1.0::IServicetracker/default in either framework or device manifest.
10-25 12:13:51.767  5118  5206 W A       : Queue length for executor EventBus is now 11. Perhaps some tasks are too long, or the pool is too small.
10-25 12:13:51.768   587   587 I hwservicemanager: getTransport: Cannot find entry vendor.qti.hardware.servicetracker@1.0::IServicetracker/default in either framework or device manifest.
10-25 12:13:51.768  5118 29232 W Search.LoginHelperImpl: IO exception for scope: oauth2:https://www.googleapis.com/auth/googlenow
10-25 12:13:51.768  5118 29232 W Search.LoginHelperImpl: java.io.IOException: NetworkError
10-25 12:13:51.768  5118 29232 W Search.LoginHelperImpl: 	at android.accounts.AccountManager.convertErrorToException(AccountManager.java:2537)
10-25 12:13:51.768  5118 29232 W Search.LoginHelperImpl: 	at android.accounts.AccountManager.access$700(AccountManager.java:162)
10-25 12:13:51.768  5118 29232 W Search.LoginHelperImpl: 	at android.accounts.AccountManager$AmsTask$Response.onError(AccountManager.java:2388)
10-25 12:13:51.768  5118 29232 W Search.LoginHelperImpl: 	at android.accounts.IAccountManagerResponse$Stub.onTransact(IAccountManagerResponse.java:107)
10-25 12:13:51.768  5118 29232 W Search.LoginHelperImpl: 	at android.os.Binder.execTransactInternal(Binder.java:1021)
10-25 12:13:51.768  5118 29232 W Search.LoginHelperImpl: 	at android.os.Binder.execTransact(Binder.java:994)
10-25 12:13:51.770  1523  6119 D CompatibilityInfo: mCompatibilityFlags - 0
10-25 12:13:51.770  1523  6119 D CompatibilityInfo: applicationDensity - 420
10-25 12:13:51.770  1523  6119 D CompatibilityInfo: applicationScale - 1.0
10-25 12:13:51.771   587   587 I hwservicemanager: getTransport: Cannot find entry vendor.qti.hardware.servicetracker@1.0::IServicetracker/default in either framework or device manifest.
10-25 12:13:51.778   587   587 I chatty  : uid=1000(system) hwservicemanage identical 2 lines
10-25 12:13:51.781   587   587 I hwservicemanager: getTransport: Cannot find entry vendor.qti.hardware.servicetracker@1.0::IServicetracker/default in either framework or device manifest.
10-25 12:13:51.783  1523  7644 W ActivityManager: Unable to start service Intent { cmp=com.google.android.apps.tachyon/.clientapi.ClientApiService } U=0: not found
10-25 12:13:51.783  3599  4229 I NgaEntryPointEventSendr: State changed: Ready => Disconnected (onOpaDisconnected)
10-25 12:13:51.784  5118  5227 W A       : UiCallbackStub-onGenericEvent[ServiceEvent = 241] task was not run. Callback from Service received after client was disposed.
10-25 12:13:51.784  5118  5227 W A       : UiCallbackStub-onGenericEvent[ServiceEvent = 241] task was not run. Callback from Service received after client was disposed.
10-25 12:13:51.786  5118  5227 W A       : UiCallbackStub-onGenericEvent[ServiceEvent = 60] task was not run. Callback from Service received after client was disposed.
10-25 12:13:51.787  5118  5227 W A       : UiCallbackStub-onGenericEvent[ServiceEvent = 60] task was not run. Callback from Service received after client was disposed.
10-25 12:13:51.787  5118  5227 W A       : UiCallbackStub-onGenericEvent[ServiceEvent = 42] task was not run. Callback from Service received after client was disposed.
10-25 12:13:51.795  5118 29596 I PBSessionCacheImpl: Deleted sessionId[22510868667960367] from persistence.
10-25 12:13:51.798   587   587 I hwservicemanager: getTransport: Cannot find entry vendor.qti.hardware.servicetracker@1.0::IServicetracker/default in either framework or device manifest.
10-25 12:13:51.802  1523  5348 D CompatibilityInfo: mCompatibilityFlags - 0
10-25 12:13:51.802  1523  5348 D CompatibilityInfo: applicationDensity - 420
10-25 12:13:51.802  1523  5348 D CompatibilityInfo: applicationScale - 1.0
10-25 12:13:51.803   587   587 I hwservicemanager: getTransport: Cannot find entry vendor.qti.hardware.servicetracker@1.0::IServicetracker/default in either framework or device manifest.
10-25 12:13:51.804  5118  5227 W A       : UiCallbackStub-onGenericEvent[ServiceEvent = 67] task was not run. Callback from Service received after client was disposed.
10-25 12:13:51.805  5118  5227 W A       : UiCallbackStub-onGenericEvent[ServiceEvent = 60] task was not run. Callback from Service received after client was disposed.
10-25 12:13:51.807  1339 26509 E AuthPII : [GoogleAccountDataServiceImpl] getToken() -> NETWORK_ERROR. Account: Account {name=cigroup.robobos@gmail.com, type=com.google}, App: com.google.android.googlequicksearchbox, Service: oauth2:https://www.googleapis.com/auth/googlenow
10-25 12:13:51.807  1339 26509 E AuthPII : Message is Error when calling server.
10-25 12:13:51.808  1339 26509 W GetToken: [GetToken]GetToken failed with status code: NetworkError
10-25 12:13:51.808  1339 26509 W GLSActivity: 
10-25 12:13:51.808  1339 26509 W GLSActivity: java.io.IOException: NetworkError
10-25 12:13:51.808  1339 26509 W GLSActivity: 	at iei.getAuthToken(:com.google.android.gms@214815028@21.48.15 (100400-414534850):32)
10-25 12:13:51.808  1339 26509 W GLSActivity: 	at android.accounts.AbstractAccountAuthenticator$Transport.getAuthToken(AbstractAccountAuthenticator.java:246)
10-25 12:13:51.808  1339 26509 W GLSActivity: 	at android.accounts.IAccountAuthenticator$Stub.onTransact(IAccountAuthenticator.java:282)
10-25 12:13:51.808  1339 26509 W GLSActivity: 	at android.os.Binder.transact(Binder.java:914)
10-25 12:13:51.808  1339 26509 W GLSActivity: 	at eoc.onTransact(:com.google.android.gms@214815028@21.48.15 (100400-414534850):2)
10-25 12:13:51.808  1339 26509 W GLSActivity: 	at android.os.Binder.transact(Binder.java:914)
10-25 12:13:51.808  1339 26509 W GLSActivity: 	at agpi.onTransact(:com.google.android.gms@214815028@21.48.15 (100400-414534850):17)
10-25 12:13:51.808  1339 26509 W GLSActivity: 	at android.os.Binder.execTransactInternal(Binder.java:1021)
10-25 12:13:51.808  1339 26509 W GLSActivity: 	at android.os.Binder.execTransact(Binder.java:994)
10-25 12:13:51.809  5118  5227 W SearchServiceCore: Abort, client detached.
10-25 12:13:51.809   587   587 I hwservicemanager: getTransport: Cannot find entry vendor.qti.hardware.servicetracker@1.0::IServicetracker/default in either framework or device manifest.
10-25 12:13:51.810  5118  5227 I HttpStreamingTapasSearc: taskGraphFactory: com.google.android.apps.gsa.search.core.ag.a.a@b04885b#184846427
10-25 12:13:51.810  5118  5227 I MicroDetectionState: Should stop hotword detection immediately - true
10-25 12:13:51.811  5118 29232 W Search.LoginHelperImpl: IO exception for scope: oauth2:https://www.googleapis.com/auth/googlenow
10-25 12:13:51.811  5118 29232 W Search.LoginHelperImpl: java.io.IOException: NetworkError
10-25 12:13:51.811  5118 29232 W Search.LoginHelperImpl: 	at android.accounts.AccountManager.convertErrorToException(AccountManager.java:2537)
10-25 12:13:51.811  5118 29232 W Search.LoginHelperImpl: 	at android.accounts.AccountManager.access$700(AccountManager.java:162)
10-25 12:13:51.811  5118 29232 W Search.LoginHelperImpl: 	at android.accounts.AccountManager$AmsTask$Response.onError(AccountManager.java:2388)
10-25 12:13:51.811  5118 29232 W Search.LoginHelperImpl: 	at android.accounts.IAccountManagerResponse$Stub.onTransact(IAccountManagerResponse.java:107)
10-25 12:13:51.811  5118 29232 W Search.LoginHelperImpl: 	at android.os.Binder.execTransactInternal(Binder.java:1021)
10-25 12:13:51.811  5118 29232 W Search.LoginHelperImpl: 	at android.os.Binder.execTransact(Binder.java:994)
10-25 12:13:51.821   587   587 I hwservicemanager: getTransport: Cannot find entry vendor.qti.hardware.servicetracker@1.0::IServicetracker/default in either framework or device manifest.
10-25 12:13:51.843  1618  2043 I Icing   : IndexChimeraService.getServiceInterface callingPackage=com.google.android.googlequicksearchbox componentName=null serviceId=36
10-25 12:13:51.850   587   587 I hwservicemanager: getTransport: Cannot find entry vendor.qti.hardware.servicetracker@1.0::IServicetracker/default in either framework or device manifest.
10-25 12:13:51.851  1523  6119 D CompatibilityInfo: mCompatibilityFlags - 0
10-25 12:13:51.852  1523  6119 D CompatibilityInfo: applicationDensity - 420
10-25 12:13:51.852  1523  6119 D CompatibilityInfo: applicationScale - 1.0
10-25 12:13:51.854   587   587 I hwservicemanager: getTransport: Cannot find entry vendor.qti.hardware.servicetracker@1.0::IServicetracker/default in either framework or device manifest.
10-25 12:13:51.867  1618 20510 I GmsCoreXrpcWrapper: Returning a channel provider with trafficStatsTag=12803 trafficStatsUid=-1
10-25 12:13:51.878   587   587 I hwservicemanager: getTransport: Cannot find entry vendor.qti.hardware.servicetracker@1.0::IServicetracker/default in either framework or device manifest.
10-25 12:13:51.885   587   587 I hwservicemanager: getTransport: Cannot find entry vendor.qti.hardware.servicetracker@1.0::IServicetracker/default in either framework or device manifest.
10-25 12:13:51.889  1523  7644 D CompatibilityInfo: mCompatibilityFlags - 0
10-25 12:13:51.890  1523  7644 D CompatibilityInfo: applicationDensity - 420
10-25 12:13:51.890  1523  7644 D CompatibilityInfo: applicationScale - 1.0
10-25 12:13:51.892   587   587 I hwservicemanager: getTransport: Cannot find entry vendor.qti.hardware.servicetracker@1.0::IServicetracker/default in either framework or device manifest.
10-25 12:13:51.894  1618  1618 D BoundBrokerSvc: onBind: Intent { act=com.google.android.gms.feedback.internal.IFeedbackService cmp=com.google.android.gms/.chimera.GmsBoundBrokerService }
10-25 12:13:51.894  1618  1618 D BoundBrokerSvc: Loading bound service for intent: Intent { act=com.google.android.gms.feedback.internal.IFeedbackService cmp=com.google.android.gms/.chimera.GmsBoundBrokerService }
10-25 12:13:51.898   587   587 I hwservicemanager: getTransport: Cannot find entry vendor.qti.hardware.servicetracker@1.0::IServicetracker/default in either framework or device manifest.
10-25 12:13:51.907   587   587 I hwservicemanager: getTransport: Cannot find entry vendor.qti.hardware.servicetracker@1.0::IServicetracker/default in either framework or device manifest.
10-25 12:13:51.910  1523  7644 D CompatibilityInfo: mCompatibilityFlags - 0
10-25 12:13:51.910  1523  7644 D CompatibilityInfo: applicationDensity - 420
10-25 12:13:51.910  1523  7644 D CompatibilityInfo: applicationScale - 1.0
10-25 12:13:51.911   587   587 I hwservicemanager: getTransport: Cannot find entry vendor.qti.hardware.servicetracker@1.0::IServicetracker/default in either framework or device manifest.
10-25 12:13:51.916   587   587 I hwservicemanager: getTransport: Cannot find entry vendor.qti.hardware.servicetracker@1.0::IServicetracker/default in either framework or device manifest.
10-25 12:13:51.924  1618 20510 I Icing   : Usage reports ok 1, Failed Usage reports 0, indexed 0, rejected 0
10-25 12:13:51.925  1618  2043 I Icing   : IndexChimeraService.getServiceInterface callingPackage=com.google.android.gms componentName=null serviceId=30
10-25 12:13:51.928   587   587 I hwservicemanager: getTransport: Cannot find entry vendor.qti.hardware.servicetracker@1.0::IServicetracker/default in either framework or device manifest.
10-25 12:13:51.935  1618 20510 I GmsCoreXrpcWrapper: Returning a channel provider with trafficStatsTag=12803 trafficStatsUid=-1
10-25 12:13:51.956  1618 20510 I Icing   : Usage reports ok 0, Failed Usage reports 0, indexed 0, rejected 0
10-25 12:13:51.962   587   587 I hwservicemanager: getTransport: Cannot find entry vendor.qti.hardware.servicetracker@1.0::IServicetracker/default in either framework or device manifest.
10-25 12:13:53.505  1523  7644 I WifiService: startScan uid=10207
10-25 12:13:53.507  1523  2012 I WifiScanRequestProxy: Scan request from com.vrem.wifianalyzer throttled
10-25 12:13:53.508  1523  7644 E WifiService: Failed to start scan
10-25 12:13:56.555 31226 31238 I em.wifianalyze: Background concurrent copying GC freed 257266(8270KB) AllocSpace objects, 2(104KB) LOS objects, 49% free, 9245KB/18MB, paused 74us total 148.514ms
10-25 12:13:56.766   587   587 I hwservicemanager: getTransport: Cannot find entry vendor.qti.hardware.servicetracker@1.0::IServicetracker/default in either framework or device manifest.
10-25 12:13:56.769   587   587 I hwservicemanager: getTransport: Cannot find entry vendor.qti.hardware.servicetracker@1.0::IServicetracker/default in either framework or device manifest.
10-25 12:13:58.525  1523  6119 I WifiService: startScan uid=10207
10-25 12:13:58.528  1523  2012 I WifiScanRequestProxy: Scan request from com.vrem.wifianalyzer throttled
10-25 12:13:58.530  1523  6119 E WifiService: Failed to start scan
10-25 12:14:00.004  2528  2528 D KeyguardUpdateMonitor: received broadcast android.intent.action.TIME_TICK
10-25 12:14:00.011  2528  2528 D KeyguardUpdateMonitor: handleTimeUpdate
10-25 12:14:01.767   587   587 I hwservicemanager: getTransport: Cannot find entry vendor.qti.hardware.servicetracker@1.0::IServicetracker/default in either framework or device manifest.
10-25 12:14:03.542  1523  7644 I WifiService: startScan uid=10207
10-25 12:14:03.544  1523  2012 I WifiScanRequestProxy: Scan request from com.vrem.wifianalyzer throttled
10-25 12:14:03.546  1523  7644 E WifiService: Failed to start scan
10-25 12:14:06.725   587   587 I hwservicemanager: getTransport: Cannot find entry vendor.qti.hardware.servicetracker@1.0::IServicetracker/default in either framework or device manifest.
10-25 12:14:06.730  2454  3132 I BtGatt.ScanManager: msg.what = 6
10-25 12:14:06.760   587   587 I hwservicemanager: getTransport: Cannot find entry vendor.qti.hardware.servicetracker@1.0::IServicetracker/default in either framework or device manifest.
10-25 12:14:07.044   587   587 I chatty  : uid=1000(system) hwservicemanage identical 11 lines
10-25 12:14:07.050   587   587 I hwservicemanager: getTransport: Cannot find entry vendor.qti.hardware.servicetracker@1.0::IServicetracker/default in either framework or device manifest.
10-25 12:14:07.054  1618  1618 D BoundBrokerSvc: onUnbind: Intent { act=com.google.android.gms.feedback.internal.IFeedbackService cmp=com.google.android.gms/.chimera.GmsBoundBrokerService }
10-25 12:14:07.851  1523  1523 V SettingsProvider: Notifying for 0: content://settings/system/screen_brightness
10-25 12:14:07.852  5161  5161 D PureDisplay: mContentObserver--onChange1
10-25 12:14:07.852  5161  5161 D PureDisplay: mContentObserver--onChange-uri=content://settings/system/screen_brightness
10-25 12:14:07.856  5161  5161 D PureDisplay: AutoLuxController,unRegisterListener
10-25 12:14:07.858  5161  5161 D PureDisplay: --mAutoLuxController--unRegisterListener
10-25 12:14:08.557  1523  6119 I WifiService: startScan uid=10207
10-25 12:14:08.560  1523  2012 I WifiScanRequestProxy: Scan request from com.vrem.wifianalyzer throttled
10-25 12:14:08.561  1523  6119 E WifiService: Failed to start scan
10-25 12:14:11.815  5118  5227 I WorkerManager: dispose()
10-25 12:14:11.816  5118  5227 W A       : Queue length for executor EventBus is now 11. Perhaps some tasks are too long, or the pool is too small.
10-25 12:14:11.843   587   587 I hwservicemanager: getTransport: Cannot find entry vendor.qti.hardware.servicetracker@1.0::IServicetracker/default in either framework or device manifest.
10-25 12:14:13.574  1523  7644 I WifiService: startScan uid=10207
10-25 12:14:13.576  1523  2012 I WifiScanRequestProxy: Scan request from com.vrem.wifianalyzer throttled
10-25 12:14:13.578  1523  7644 E WifiService: Failed to start scan
10-25 12:14:18.592  1523  7644 I WifiService: startScan uid=10207
10-25 12:14:18.594  1523  2012 I WifiScanRequestProxy: Scan request from com.vrem.wifianalyzer throttled
10-25 12:14:18.596  1523  7644 E WifiService: Failed to start scan
10-25 12:14:21.794  5118  5118 E A       : disposing SearchServiceClient after timeout []
10-25 12:14:22.289  1523  7644 I ActivityManager: Force stopping com.vrem.wifianalyzer appid=10207 user=0: from pid 31388
10-25 12:14:22.291  1523  7644 I ActivityManager: Killing 31226:com.vrem.wifianalyzer/u0a207 (adj 0): stop com.vrem.wifianalyzer
10-25 12:14:22.294   587   587 I hwservicemanager: getTransport: Cannot find entry vendor.qti.hardware.servicetracker@1.0::IServicetracker/default in either framework or device manifest.
10-25 12:14:22.295  1523  7644 W ActivityTaskManager: Force removing ActivityRecord{56e54ce u0 com.vrem.wifianalyzer/.MainActivity t362 f}: app died, no saved state
10-25 12:14:22.323  2865  2865 E PhoneInterfaceManager: [PhoneIntfMgr] getCarrierPackageNamesForIntent: No UICC
10-25 12:14:22.323  2865  2865 D CarrierSvcBindHelper: No carrier app for: 0
10-25 12:14:22.323  2865  2865 E PhoneInterfaceManager: [PhoneIntfMgr] getCarrierPackageNamesForIntent: No UICC
10-25 12:14:22.323  2865  2865 D CarrierSvcBindHelper: No carrier app for: 1
10-25 12:14:22.330  3676  3676 D RegisteredServicesCache: Others service enabled : ComponentInfo{com.google.android.gms/com.google.android.gms.nearby.mediums.nearfieldcommunication.NfcAdvertisingService}
10-25 12:14:22.330  3676  3676 D RegisteredServicesCache: Others service enabled : ComponentInfo{com.google.android.gms/com.google.android.gms.pay.hce.service.PayHceService}
10-25 12:14:22.330  3676  3676 D RegisteredServicesCache: Others service enabled : ComponentInfo{com.google.android.gms/com.google.android.gms.tapandpay.hce.service.TpHceService}
10-25 12:14:22.333  3676  3676 D AidRoutingManager: Default: 0, aid size: 297
10-25 12:14:22.333  3676  3676 D AidRoutingManager: Default: 2, aid size: 0
10-25 12:14:22.333  3676  3676 D AidRoutingManager: Default: 3, aid size: 0
10-25 12:14:22.333  3676  3676 D AidRoutingManager: Default: 0, aid expected size: 0
10-25 12:14:22.333  3676  3676 D AidRoutingManager: Default: 2, aid expected size: 297
10-25 12:14:22.333  3676  3676 D AidRoutingManager: Default: 3, aid expected size: 297
10-25 12:14:22.335  3676  3676 D RegisteredNfcFServicesCache: Service unchanged, not updating
10-25 12:14:22.341   731   731 I Zygote  : Process 31226 exited due to signal 9 (Killed)
10-25 12:14:22.342  1523  1637 I libprocessgroup: Successfully killed process cgroup uid 10207 pid 31226 in 50ms
