--------- beginning of main
10-25 12:01:19.506   587   587 I hwservicemanager: getTransport: Cannot find entry vendor.qti.hardware.servicetracker@1.0::IServicetracker/default in either framework or device manifest.
10-25 12:03:26.270   587   587 I chatty  : uid=1000(system) hwservicemanage identical 1 line
10-25 12:08:12.257   587   587 I hwservicemanager: getTransport: Cannot find entry vendor.qti.hardware.servicetracker@1.0::IServicetracker/default in either framework or device manifest.
10-25 12:10:22.951   587   587 I hwservicemanager: getTransport: Cannot find entry vendor.qti.hardware.servicetracker@1.0::IServicetracker/default in either framework or device manifest.
10-25 12:12:31.572   587   587 I hwservicemanager: getTransport: Cannot find entry vendor.qti.hardware.servicetracker@1.0::IServicetracker/default in either framework or device manifest.
10-25 12:12:31.752  1523  1598 I system_server: Background concurrent copying GC freed 246991(11MB) AllocSpace objects, 164(4824KB) LOS objects, 42% free, 20MB/35MB, paused 138us total 232.914ms
10-25 12:12:31.771  1523  1600 W System  : A resource failed to call close. 
10-25 12:12:31.774  1523  1600 I chatty  : uid=1000(system) FinalizerDaemon identical 2 lines
10-25 12:12:31.774  1523  1600 W System  : A resource failed to call close. 
10-25 12:12:32.219 31208 31208 W app_process: type=1400 audit(0.0:28790): avc: denied { read } for name="u:object_r:device_config_runtime_native_boot_prop:s0" dev="tmpfs" ino=12011 scontext=u:r:shell:s0 tcontext=u:object_r:device_config_runtime_native_boot_prop:s0 tclass=file permissive=0
10-25 12:12:32.219 31208 31208 I chatty  : uid=2000(shell) app_process identical 1 line
10-25 12:12:32.219 31208 31208 W app_process: type=1400 audit(0.0:28792): avc: denied { read } for name="u:object_r:device_config_runtime_native_boot_prop:s0" dev="tmpfs" ino=12011 scontext=u:r:shell:s0 tcontext=u:object_r:device_config_runtime_native_boot_prop:s0 tclass=file permissive=0
10-25 12:12:32.223 31208 31208 D AndroidRuntime: >>>>>> START com.android.internal.os.RuntimeInit uid 2000 <<<<<<
10-25 12:12:32.227 31208 31208 E libc    : Access denied finding property "persist.device_config.runtime_native_boot.enable_apex_image"
10-25 12:12:32.228 31208 31208 I AndroidRuntime: Using default boot image
10-25 12:12:32.228 31208 31208 E libc    : Access denied finding property "persist.device_config.runtime_native_boot.disable_lock_profiling"
10-25 12:12:32.228 31208 31208 I AndroidRuntime: Leaving lock profiling enabled
10-25 12:12:32.228 31208 31208 E libc    : Access denied finding property "persist.device_config.runtime_native_boot.enable_generational_cc"
10-25 12:12:32.322 31208 31208 D ICU     : Time zone APEX file found: /apex/com.android.tzdata/etc/icu/icu_tzdata.dat
10-25 12:12:32.346 31208 31208 I app_process: The ClassLoaderContext is a special shared library.
10-25 12:12:32.366 31208 31208 W app_process: JNI RegisterNativeMethods: attempt to register 0 native methods for android.media.AudioAttributes
10-25 12:12:32.376 31208 31208 D AndroidRuntime: Calling main entry com.android.commands.monkey.Monkey
10-25 12:12:32.377 31208 31208 W Monkey  : args: [-p, com.vrem.wifianalyzer, 1]
10-25 12:12:32.378 31208 31208 W Monkey  :  arg: "-p"
10-25 12:12:32.378 31208 31208 W Monkey  :  arg: "com.vrem.wifianalyzer"
10-25 12:12:32.378 31208 31208 W Monkey  :  arg: "1"
10-25 12:12:32.379 31208 31208 W Monkey  : data="com.vrem.wifianalyzer"
--------- beginning of system
10-25 12:12:32.419  1523  5348 I ActivityManager: zhl block_packagename =
10-25 12:12:32.419  1523  5348 I ActivityManager: zhl block_activity =
10-25 12:12:32.419  1523  5348 I ActivityTaskManager: zhl stack block_packagename =
10-25 12:12:32.419  1523  5348 I ActivityTaskManager: zhl stack block_activity =
10-25 12:12:32.419  1523  5348 I ActivityTaskManager: zhl mPackage =com.vrem.wifianalyzer
10-25 12:12:32.419  1523  5348 I ActivityTaskManager: zhl mClass =MainActivity
10-25 12:12:32.419  1523  5348 I ActivityTaskManager: START u0 {act=android.intent.action.MAIN cat=[android.intent.category.LAUNCHER] flg=0x10200000 cmp=com.vrem.wifianalyzer/.MainActivity} from uid 2000
10-25 12:12:32.419  1523  5348 W Binder  : Outgoing transactions from this process must be FLAG_ONEWAY
10-25 12:12:32.419  1523  5348 W Binder  : java.lang.Throwable
10-25 12:12:32.419  1523  5348 W Binder  : 	at android.os.BinderProxy.transact(BinderProxy.java:480)
10-25 12:12:32.419  1523  5348 W Binder  : 	at android.app.IActivityController$Stub$Proxy.activityStarting(IActivityController.java:273)
10-25 12:12:32.419  1523  5348 W Binder  : 	at com.android.server.wm.ActivityStarter.startActivity(ActivityStarter.java:821)
10-25 12:12:32.419  1523  5348 W Binder  : 	at com.android.server.wm.ActivityStarter.startActivity(ActivityStarter.java:588)
10-25 12:12:32.419  1523  5348 W Binder  : 	at com.android.server.wm.ActivityStarter.startActivityMayWait(ActivityStarter.java:1315)
10-25 12:12:32.419  1523  5348 W Binder  : 	at com.android.server.wm.ActivityStarter.execute(ActivityStarter.java:519)
10-25 12:12:32.419  1523  5348 W Binder  : 	at com.android.server.wm.ActivityTaskManagerService.startActivityAsUser(ActivityTaskManagerService.java:1058)
10-25 12:12:32.419  1523  5348 W Binder  : 	at com.android.server.wm.ActivityTaskManagerService.startActivityAsUser(ActivityTaskManagerService.java:1032)
10-25 12:12:32.419  1523  5348 W Binder  : 	at com.android.server.am.ActivityManagerService.startActivityAsUser(ActivityManagerService.java:3586)
10-25 12:12:32.419  1523  5348 W Binder  : 	at android.app.IActivityManager$Stub.onTransact(IActivityManager.java:3539)
10-25 12:12:32.419  1523  5348 W Binder  : 	at com.android.server.am.ActivityManagerService.onTransact(ActivityManagerService.java:2765)
10-25 12:12:32.419  1523  5348 W Binder  : 	at android.os.Binder.execTransactInternal(Binder.java:1021)
10-25 12:12:32.419  1523  5348 W Binder  : 	at android.os.Binder.execTransact(Binder.java:994)
10-25 12:12:32.424   587   587 I hwservicemanager: getTransport: Cannot find entry vendor.qti.hardware.iop@2.0::IIop/default in either framework or device manifest.
10-25 12:12:32.431  1523  5348 D CompatibilityInfo: mCompatibilityFlags - 0
10-25 12:12:32.432  1523  5348 D CompatibilityInfo: applicationDensity - 420
10-25 12:12:32.432  1523  5348 D CompatibilityInfo: applicationScale - 1.0
10-25 12:12:32.432  1523  5348 D ActivityTrigger: ActivityTrigger activityPauseTrigger 
10-25 12:12:32.436 31208 31208 I Monkey  : Events injected: 1
10-25 12:12:32.438  1523  1523 V SettingsProvider: Notifying for 0: content://settings/system/accelerometer_rotation
10-25 12:12:32.445  1523  1523 V SettingsProvider: Notifying for 0: content://settings/system/accelerometer_rotation
10-25 12:12:32.446  1523  1627 E system_server: Invalid ID 0x00000000.
10-25 12:12:32.451 31208 31208 I Monkey  : ## Network stats: elapsed time=29ms (0ms mobile, 0ms wifi, 29ms not connected)
10-25 12:12:32.453 31208 31208 I app_process: System.exit called, status: 0
10-25 12:12:32.453 31208 31208 I AndroidRuntime: VM exiting with result code 0.
10-25 12:12:32.464   731   731 D Zygote  : Forked child process 31226
10-25 12:12:32.472  1523  1636 I ActivityManager: Start proc 31226:com.vrem.wifianalyzer/u0a207 for activity {com.vrem.wifianalyzer/com.vrem.wifianalyzer.MainActivity}
10-25 12:12:32.478 31226 31226 E em.wifianalyze: Not starting debugger since process cannot load the jdwp agent.
10-25 12:12:32.489  1523  5329 D CompatibilityInfo: mCompatibilityFlags - 0
10-25 12:12:32.489  1523  5329 D CompatibilityInfo: applicationDensity - 420
10-25 12:12:32.489  1523  5329 D CompatibilityInfo: applicationScale - 1.0
10-25 12:12:32.493  1523  5329 D CompatibilityInfo: mCompatibilityFlags - 0
10-25 12:12:32.493  1523  5329 D CompatibilityInfo: applicationDensity - 420
10-25 12:12:32.493  1523  5329 D CompatibilityInfo: applicationScale - 1.0
10-25 12:12:32.495  1523  5329 I qspmsvc-client: inside perf_hint_qspm
10-25 12:12:32.523 31226 31226 I Perf    : Connecting to perf service.
10-25 12:12:32.533   587   587 I hwservicemanager: getTransport: Cannot find entry vendor.qti.hardware.iop@2.0::IIop/default in either framework or device manifest.
10-25 12:12:32.533   989  1026 E ANDR-IOP: IIop:: Iop HAL Service is not available.
10-25 12:12:32.535 31226 31245 E Perf    : Fail to get file list com.vrem.wifianalyzer
10-25 12:12:32.535 31226 31245 E Perf    : getFolderSize() : Exception_1 = java.lang.NullPointerException: Attempt to get length of null array
10-25 12:12:32.536 31226 31245 E Perf    : Fail to get file list com.vrem.wifianalyzer
10-25 12:12:32.536 31226 31245 E Perf    : getFolderSize() : Exception_1 = java.lang.NullPointerException: Attempt to get length of null array
10-25 12:12:32.536 31226 31245 E Perf    : Fail to get file list oat
10-25 12:12:32.536 31226 31245 E Perf    : getFolderSize() : Exception_1 = java.lang.NullPointerException: Attempt to get length of null array
10-25 12:12:32.543  2528  7843 D FaceUnlock: onTaskStackChangedBackground
10-25 12:12:32.544  2528  7843 D FaceUnlock: PackageName =com.vrem.wifianalyzer
10-25 12:12:32.545  3599  3599 I GsaVoiceInteractionSrv: Handling ACTION_STOP_HOTWORD
10-25 12:12:32.546  3599  4237 E HwDetectorWithState: a: 3
10-25 12:12:32.669   587   587 I hwservicemanager: getTransport: Cannot find entry vendor.qti.hardware.servicetracker@1.0::IServicetracker/default in either framework or device manifest.
10-25 12:12:32.720   587   587 I chatty  : uid=1000(system) hwservicemanage identical 3 lines
10-25 12:12:32.721   587   587 I hwservicemanager: getTransport: Cannot find entry vendor.qti.hardware.servicetracker@1.0::IServicetracker/default in either framework or device manifest.
10-25 12:12:32.727 31226 31226 V Activity: mLastPackageName-com.vrem.wifianalyzer.MainActivity
10-25 12:12:32.746 31226 31226 D PureDisplay: package-com.vrem.wifianalyzer DYNAMIC_ORIGINAL_MODE open
10-25 12:12:32.747  5161  5161 D PureDisplay: PureDisplayModeChangeReceiver,hdrMode=1
10-25 12:12:32.749  5161  5161 I android_os_HwBinder: HwBinder: Starting thread pool for getting: vendor.pixelworks.hardware.display@1.0::IIris/default
10-25 12:12:32.750   774 31148 I IrisService: irisConfigureSet(258, 1, 1)
10-25 12:12:32.750  5161  5161 D PureDisplay: --setIrisDisplayHdrMode- mode =1--result = 0
10-25 12:12:32.750  5161  5161 D PureDisplay: PureDisplayModeChangeReceiver,pureDisplayMode=1
10-25 12:12:32.750  1523  5348 I WifiService: startScan uid=10207
10-25 12:12:32.751  5161  5161 D PureDisplay: isDeviceProvisioned=true
10-25 12:12:32.751  5161  5161 D PureDisplay: isUserSetuped=true
10-25 12:12:32.751  5161  5161 D PureDisplay: setOriginalModeEnable()
10-25 12:12:32.753  5161  5161 I android_os_HwBinder: HwBinder: Starting thread pool for getting: vendor.pixelworks.hardware.display@1.0::IIris/default
10-25 12:12:32.754   774 31148 I IrisService: irisConfigureSet(0, 1, 0)
10-25 12:12:32.767  5161  5161 I android_os_HwBinder: HwBinder: Starting thread pool for getting: vendor.pixelworks.hardware.display@1.0::IIris/default
10-25 12:12:32.767   774 31148 I IrisService: irisConfigureSet(41, 1, 0)
10-25 12:12:32.768  5161  5161 I android_os_HwBinder: HwBinder: Starting thread pool for getting: vendor.pixelworks.hardware.display@1.0::IIris/default
10-25 12:12:32.769   774   774 I IrisService: irisConfigureSet(42, 1, 0)
10-25 12:12:32.769  5161  5161 I android_os_HwBinder: HwBinder: Starting thread pool for getting: vendor.pixelworks.hardware.display@1.0::IIris/default
10-25 12:12:32.770   774   774 I IrisService: irisConfigureSet(40, 1, 0)
10-25 12:12:32.783  5161  5161 I android_os_HwBinder: HwBinder: Starting thread pool for getting: vendor.pixelworks.hardware.display@1.0::IIris/default
10-25 12:12:32.784   774   774 I IrisService: irisConfigureSet(36, 1, 0)
10-25 12:12:32.800  5161  5161 D PureDisplay: getWhiteBalanceAutoMode()0
10-25 12:12:32.801  5161  5161 I android_os_HwBinder: HwBinder: Starting thread pool for getting: vendor.pixelworks.hardware.display@1.0::IIris/default
10-25 12:12:32.801   774 31148 I IrisService: irisConfigureSet(39, 1, 1)
10-25 12:12:32.817  5161  5161 I android_os_HwBinder: HwBinder: Starting thread pool for getting: vendor.pixelworks.hardware.display@1.0::IIris/default
10-25 12:12:32.817   774 31148 I IrisService: irisConfigureSet(264, 1, 0)
10-25 12:12:32.817  5161  5161 D PureDisplay: PureDisplayModeChangeReceiver,lastclass=com.vrem.wifianalyzer.MainActivity
10-25 12:12:32.818  5161  5161 D PureDisplay: PureDisplayModeChangeReceiver,lastpackage=com.vrem.wifianalyzer
10-25 12:12:32.818  5161  5161 D PureDisplay: PureDisplayModeChangeReceiver,lastpackage_resume=1
10-25 12:12:32.981  1523  5348 I WifiService: startScan uid=10207
10-25 12:12:32.999 31226 31226 W RenderThread: type=1400 audit(0.0:28793): avc: denied { search } for name="kgsl-3d0" dev="sysfs" ino=30286 scontext=u:r:untrusted_app:s0:c207,c256,c512,c768 tcontext=u:object_r:sysfs_kgsl:s0 tclass=dir permissive=0
10-25 12:12:33.006 31226 31246 I AdrenoGLES: QUALCOMM build                   : b7efb54, I285e059637
10-25 12:12:33.006 31226 31246 I AdrenoGLES: Build Date                       : 10/31/19
10-25 12:12:33.006 31226 31246 I AdrenoGLES: OpenGL ES Shader Compiler Version: EV031.27.05.02
10-25 12:12:33.006 31226 31246 I AdrenoGLES: Local Branch                     : 
10-25 12:12:33.006 31226 31246 I AdrenoGLES: Remote Branch                    : 
10-25 12:12:33.006 31226 31246 I AdrenoGLES: Remote Branch                    : 
10-25 12:12:33.006 31226 31246 I AdrenoGLES: Reconstruct Branch               : 
10-25 12:12:33.006 31226 31246 I AdrenoGLES: Build Config                     : S L 8.0.12 AArch64
10-25 12:12:33.010 31226 31246 I AdrenoGLES: PFP: 0x005ff112, ME: 0x005ff066
10-25 12:12:33.012 31226 31246 W AdrenoUtils: <ReadGpuID_from_sysfs:194>: Failed to open /sys/class/kgsl/kgsl-3d0/gpu_model
10-25 12:12:33.012 31226 31246 W AdrenoUtils: <ReadGpuID:218>: Failed to read chip ID from gpu_model. Fallback to use the GSL path
10-25 12:12:33.014   587   587 I hwservicemanager: getTransport: Cannot find entry vendor.display.config@1.7::IDisplayConfig/default in either framework or device manifest.
10-25 12:12:33.015   587   587 I hwservicemanager: getTransport: Cannot find entry vendor.display.config@1.7::IDisplayConfig/default in either framework or device manifest.
10-25 12:12:33.189   587   587 I hwservicemanager: getTransport: Cannot find entry android.hardware.graphics.mapper@3.0::IMapper/default in either framework or device manifest.
10-25 12:12:33.189 31226 31246 W Gralloc3: mapper 3.x is not supported
10-25 12:12:33.223   587   587 I hwservicemanager: getTransport: Cannot find entry vendor.qti.hardware.iop@2.0::IIop/default in either framework or device manifest.
10-25 12:12:33.223  1523  1634 I ActivityTaskManager: Displayed com.vrem.wifianalyzer/.MainActivity: +800ms
10-25 12:12:33.223   587   587 I hwservicemanager: getTransport: Cannot find entry vendor.qti.hardware.iop@2.0::IIop/default in either framework or device manifest.
10-25 12:12:33.240  3075  3075 I GoogleInputMethodService: GoogleInputMethodService.onFinishInput():3316 
10-25 12:12:33.241  3075  3075 I GoogleInputMethodService: GoogleInputMethodService.updateDeviceLockedStatus():2181 checkRepeatedly = false, unlocked = true
10-25 12:12:33.241  3075  3075 I GoogleInputMethodService: GoogleInputMethodService.onStartInput():1989 
10-25 12:12:33.242  3075  3075 I GoogleInputMethodService: GoogleInputMethodService.updateDeviceLockedStatus():2181 checkRepeatedly = true, unlocked = true
10-25 12:12:33.480  1339  9100 I FontLog : Received query Noto Color Emoji Compat, URI content://com.google.android.gms.fonts [CONTEXT service_id=132 ]
10-25 12:12:33.480  1339  9100 I FontLog : Query [emojicompat-emoji-font] resolved to {Noto Color Emoji Compat, wdth 100.0, wght 400, ital 0.0, bestEffort false} [CONTEXT service_id=132 ]
10-25 12:12:33.481  1339  9100 I FontLog : Fetch {Noto Color Emoji Compat, wdth 100.0, wght 400, ital 0.0, bestEffort false} end status Status{statusCode=SUCCESS, resolution=null} [CONTEXT service_id=132 ]
10-25 12:12:33.486  1339  9100 I FontLog : Pulling font file for id = 42, cache size = 4 [CONTEXT service_id=132 ]
10-25 12:12:33.493  1339  9100 I FontLog : Pulling font file for id = 42, cache size = 4 [CONTEXT service_id=132 ]
10-25 12:12:33.812  1523  1642 E BatteryExternalStatsWorker: no controller energy info supplied for bluetooth
10-25 12:12:33.893  1523  1634 W ProcessCpuTracker: Failed to stat(/proc/31275): android.system.ErrnoException: stat failed: ENOENT (No such file or directory)
10-25 12:12:33.893  1523  1634 W ProcessCpuTracker: Skipping unknown process pid 31275
10-25 12:12:34.588 31226 31238 I em.wifianalyze: Background young concurrent copying GC freed 397771(13MB) AllocSpace objects, 7(2480KB) LOS objects, 75% free, 7953KB/31MB, paused 93us total 114.703ms
10-25 12:12:34.730   587   587 I hwservicemanager: getTransport: Cannot find entry vendor.qti.hardware.servicetracker@1.0::IServicetracker/default in either framework or device manifest.
10-25 12:12:35.279 31307 31307 W atrace  : type=1400 audit(0.0:28794): avc: denied { write } for name="enable" dev="tracefs" ino=5171 scontext=u:r:shell:s0 tcontext=u:object_r:debugfs_tracing_debug:s0 tclass=file permissive=0
10-25 12:12:35.279 31307 31307 W atrace  : type=1400 audit(0.0:28795): avc: denied { write } for name="enable" dev="tracefs" ino=5057 scontext=u:r:shell:s0 tcontext=u:object_r:debugfs_tracing_debug:s0 tclass=file permissive=0
10-25 12:12:35.279 31307 31307 W atrace  : type=1400 audit(0.0:28796): avc: denied { write } for name="enable" dev="tracefs" ino=8652 scontext=u:r:shell:s0 tcontext=u:object_r:debugfs_tracing_debug:s0 tclass=file permissive=0
10-25 12:12:35.429 31310 31310 W atrace  : type=1400 audit(0.0:28797): avc: denied { call } for scontext=u:r:shell:s0 tcontext=u:r:update_engine:s0 tclass=binder permissive=0
10-25 12:12:35.429 31310 31310 W atrace  : type=1400 audit(0.0:28798): avc: denied { call } for scontext=u:r:shell:s0 tcontext=u:r:wificond:s0 tclass=binder permissive=0
10-25 12:12:35.429 31310 31310 W atrace  : type=1400 audit(0.0:28799): avc: denied { call } for scontext=u:r:shell:s0 tcontext=u:r:idmap:s0 tclass=binder permissive=0
10-25 12:12:35.439   586   586 E SELinux : avc:  denied  { find } for service=netd pid=31310 uid=2000 scontext=u:r:shell:s0 tcontext=u:object_r:netd_service:s0 tclass=service_manager permissive=0
10-25 12:12:35.439   586   586 E SELinux : avc:  denied  { find } for service=dnsresolver pid=31310 uid=2000 scontext=u:r:shell:s0 tcontext=u:object_r:dnsresolver_service:s0 tclass=service_manager permissive=0
10-25 12:12:35.440   586   586 E SELinux : avc:  denied  { find } for service=android.service.gatekeeper.IGateKeeperService pid=31310 uid=2000 scontext=u:r:shell:s0 tcontext=u:object_r:gatekeeper_service:s0 tclass=service_manager permissive=0
10-25 12:12:35.441   586   586 E SELinux : avc:  denied  { find } for service=incident pid=31310 uid=2000 scontext=u:r:shell:s0 tcontext=u:object_r:incident_service:s0 tclass=service_manager permissive=0
10-25 12:12:35.442   586   586 E SELinux : avc:  denied  { find } for service=installd pid=31310 uid=2000 scontext=u:r:shell:s0 tcontext=u:object_r:installd_service:s0 tclass=service_manager permissive=0
10-25 12:12:35.443   586   586 E SELinux : avc:  denied  { find } for service=suspend_control pid=31310 uid=2000 scontext=u:r:shell:s0 tcontext=u:object_r:system_suspend_control_service:s0 tclass=service_manager permissive=0
10-25 12:12:35.443   586   586 E SELinux : avc:  denied  { find } for service=apexservice pid=31310 uid=2000 scontext=u:r:shell:s0 tcontext=u:object_r:apex_service:s0 tclass=service_manager permissive=0
10-25 12:12:35.443   586   586 E SELinux : avc:  denied  { find } for service=vold pid=31310 uid=2000 scontext=u:r:shell:s0 tcontext=u:object_r:vold_service:s0 tclass=service_manager permissive=0
10-25 12:12:35.446   587   587 E SELinux : avc:  denied  { find } for interface=android.frameworks.cameraservice.service::ICameraService sid=u:r:shell:s0 pid=31310 scontext=u:r:shell:s0 tcontext=u:object_r:fwk_camera_hwservice:s0 tclass=hwservice_manager permissive=0
10-25 12:12:35.446   587   587 E SELinux : avc:  denied  { find } for interface=android.frameworks.displayservice::IDisplayService sid=u:r:shell:s0 pid=31310 scontext=u:r:shell:s0 tcontext=u:object_r:fwk_display_hwservice:s0 tclass=hwservice_manager permissive=0
10-25 12:12:35.446   587   587 E SELinux : avc:  denied  { find } for interface=android.frameworks.schedulerservice::ISchedulingPolicyService sid=u:r:shell:s0 pid=31310 scontext=u:r:shell:s0 tcontext=u:object_r:fwk_scheduler_hwservice:s0 tclass=hwservice_manager permissive=0
10-25 12:12:35.447   587   587 E SELinux : avc:  denied  { find } for interface=android.frameworks.sensorservice::ISensorManager sid=u:r:shell:s0 pid=31310 scontext=u:r:shell:s0 tcontext=u:object_r:fwk_sensor_hwservice:s0 tclass=hwservice_manager permissive=0
10-25 12:12:35.447   587   587 E SELinux : avc:  denied  { find } for interface=android.frameworks.stats::IStats sid=u:r:shell:s0 pid=31310 scontext=u:r:shell:s0 tcontext=u:object_r:fwk_stats_hwservice:s0 tclass=hwservice_manager permissive=0
10-25 12:12:35.447   587   587 E SELinux : avc:  denied  { find } for interface=android.hardware.audio.effect::IEffectsFactory sid=u:r:shell:s0 pid=31310 scontext=u:r:shell:s0 tcontext=u:object_r:hal_audio_hwservice:s0 tclass=hwservice_manager permissive=0
10-25 12:12:35.448   587   587 E SELinux : avc:  denied  { find } for interface=android.hardware.audio::IDevicesFactory sid=u:r:shell:s0 pid=31310 scontext=u:r:shell:s0 tcontext=u:object_r:hal_audio_hwservice:s0 tclass=hwservice_manager permissive=0
10-25 12:12:35.448   587   587 E SELinux : avc:  denied  { find } for interface=android.hardware.biometrics.fingerprint::IBiometricsFingerprint sid=u:r:shell:s0 pid=31310 scontext=u:r:shell:s0 tcontext=u:object_r:hal_fingerprint_hwservice:s0 tclass=hwservice_manager permissive=0
10-25 12:12:35.448   587   587 E SELinux : avc:  denied  { find } for interface=android.hardware.bluetooth.audio::IBluetoothAudioProvidersFactory sid=u:r:shell:s0 pid=31310 scontext=u:r:shell:s0 tcontext=u:object_r:hal_audio_hwservice:s0 tclass=hwservice_manager permissive=0
10-25 12:12:35.448   587   587 E SELinux : avc:  denied  { find } for interface=android.hardware.bluetooth::IBluetoothHci sid=u:r:shell:s0 pid=31310 scontext=u:r:shell:s0 tcontext=u:object_r:hal_bluetooth_hwservice:s0 tclass=hwservice_manager permissive=0
10-25 12:12:35.449   587   587 E SELinux : avc:  denied  { find } for interface=android.hardware.boot::IBootControl sid=u:r:shell:s0 pid=31310 scontext=u:r:shell:s0 tcontext=u:object_r:hal_bootctl_hwservice:s0 tclass=hwservice_manager permissive=0
10-25 12:12:35.449   587   587 E SELinux : avc:  denied  { find } for interface=android.hardware.camera.provider::ICameraProvider sid=u:r:shell:s0 pid=31310 scontext=u:r:shell:s0 tcontext=u:object_r:hal_camera_hwservice:s0 tclass=hwservice_manager permissive=0
10-25 12:12:35.452   587   587 E SELinux : avc:  denied  { find } for interface=android.hardware.drm::ICryptoFactory sid=u:r:shell:s0 pid=31310 scontext=u:r:shell:s0 tcontext=u:object_r:hal_drm_hwservice:s0 tclass=hwservice_manager permissive=0
10-25 12:12:35.452   587   587 I chatty  : uid=1000(system) hwservicemanage identical 1 line
10-25 12:12:35.452   587   587 E SELinux : avc:  denied  { find } for interface=android.hardware.drm::ICryptoFactory sid=u:r:shell:s0 pid=31310 scontext=u:r:shell:s0 tcontext=u:object_r:hal_drm_hwservice:s0 tclass=hwservice_manager permissive=0
10-25 12:12:35.453   587   587 E SELinux : avc:  denied  { find } for interface=android.hardware.drm::IDrmFactory sid=u:r:shell:s0 pid=31310 scontext=u:r:shell:s0 tcontext=u:object_r:hal_drm_hwservice:s0 tclass=hwservice_manager permissive=0
10-25 12:12:35.453   587   587 I chatty  : uid=1000(system) hwservicemanage identical 1 line
10-25 12:12:35.453   587   587 E SELinux : avc:  denied  { find } for interface=android.hardware.drm::IDrmFactory sid=u:r:shell:s0 pid=31310 scontext=u:r:shell:s0 tcontext=u:object_r:hal_drm_hwservice:s0 tclass=hwservice_manager permissive=0
10-25 12:12:35.453   587   587 E SELinux : avc:  denied  { find } for interface=android.hardware.drm::ICryptoFactory sid=u:r:shell:s0 pid=31310 scontext=u:r:shell:s0 tcontext=u:object_r:hal_drm_hwservice:s0 tclass=hwservice_manager permissive=0
10-25 12:12:35.453   587   587 E SELinux : avc:  denied  { find } for interface=android.hardware.drm::ICryptoFactory sid=u:r:shell:s0 pid=31310 scontext=u:r:shell:s0 tcontext=u:object_r:hal_drm_hwservice:s0 tclass=hwservice_manager permissive=0
10-25 12:12:35.454   587   587 E SELinux : avc:  denied  { find } for interface=android.hardware.drm::IDrmFactory sid=u:r:shell:s0 pid=31310 scontext=u:r:shell:s0 tcontext=u:object_r:hal_drm_hwservice:s0 tclass=hwservice_manager permissive=0
10-25 12:12:35.454   587   587 E SELinux : avc:  denied  { find } for interface=android.hardware.drm::IDrmFactory sid=u:r:shell:s0 pid=31310 scontext=u:r:shell:s0 tcontext=u:object_r:hal_drm_hwservice:s0 tclass=hwservice_manager permissive=0
10-25 12:12:35.454   587   587 E SELinux : avc:  denied  { find } for interface=android.hardware.drm::ICryptoFactory sid=u:r:shell:s0 pid=31310 scontext=u:r:shell:s0 tcontext=u:object_r:hal_drm_hwservice:s0 tclass=hwservice_manager permissive=0
10-25 12:12:35.454   587   587 E SELinux : avc:  denied  { find } for interface=android.hardware.drm::ICryptoFactory sid=u:r:shell:s0 pid=31310 scontext=u:r:shell:s0 tcontext=u:object_r:hal_drm_hwservice:s0 tclass=hwservice_manager permissive=0
10-25 12:12:35.454   587   587 E SELinux : avc:  denied  { find } for interface=android.hardware.drm::IDrmFactory sid=u:r:shell:s0 pid=31310 scontext=u:r:shell:s0 tcontext=u:object_r:hal_drm_hwservice:s0 tclass=hwservice_manager permissive=0
10-25 12:12:35.455   587   587 E SELinux : avc:  denied  { find } for interface=android.hardware.drm::IDrmFactory sid=u:r:shell:s0 pid=31310 scontext=u:r:shell:s0 tcontext=u:object_r:hal_drm_hwservice:s0 tclass=hwservice_manager permissive=0
10-25 12:12:35.455   587   587 E SELinux : avc:  denied  { find } for interface=android.hardware.gatekeeper::IGatekeeper sid=u:r:shell:s0 pid=31310 scontext=u:r:shell:s0 tcontext=u:object_r:hal_gatekeeper_hwservice:s0 tclass=hwservice_manager permissive=0
10-25 12:12:35.455   587   587 E SELinux : avc:  denied  { find } for interface=android.hardware.gnss::IGnss sid=u:r:shell:s0 pid=31310 scontext=u:r:shell:s0 tcontext=u:object_r:hal_gnss_hwservice:s0 tclass=hwservice_manager permissive=0
10-25 12:12:35.455   587   587 I chatty  : uid=1000(system) hwservicemanage identical 2 lines
10-25 12:12:35.455   587   587 E SELinux : avc:  denied  { find } for interface=android.hardware.gnss::IGnss sid=u:r:shell:s0 pid=31310 scontext=u:r:shell:s0 tcontext=u:object_r:hal_gnss_hwservice:s0 tclass=hwservice_manager permissive=0
10-25 12:12:35.456   587   587 E SELinux : avc:  denied  { find } for interface=android.hardware.graphics.composer::IComposer sid=u:r:shell:s0 pid=31310 scontext=u:r:shell:s0 tcontext=u:object_r:hal_graphics_composer_hwservice:s0 tclass=hwservice_manager permissive=0
10-25 12:12:35.456   587   587 E SELinux : avc:  denied  { find } for interface=android.hardware.health::IHealth sid=u:r:shell:s0 pid=31310 scontext=u:r:shell:s0 tcontext=u:object_r:hal_health_hwservice:s0 tclass=hwservice_manager permissive=0
10-25 12:12:35.456   587   587 E SELinux : avc:  denied  { find } for interface=android.hardware.keymaster::IKeymasterDevice sid=u:r:shell:s0 pid=31310 scontext=u:r:shell:s0 tcontext=u:object_r:hal_keymaster_hwservice:s0 tclass=hwservice_manager permissive=0
10-25 12:12:35.456   587   587 E SELinux : avc:  denied  { find } for interface=android.hardware.light::ILight sid=u:r:shell:s0 pid=31310 scontext=u:r:shell:s0 tcontext=u:object_r:hal_light_hwservice:s0 tclass=hwservice_manager permissive=0
10-25 12:12:35.457   587   587 E SELinux : avc:  denied  { find } for interface=android.hardware.memtrack::IMemtrack sid=u:r:shell:s0 pid=31310 scontext=u:r:shell:s0 tcontext=u:object_r:hal_memtrack_hwservice:s0 tclass=hwservice_manager permissive=0
10-25 12:12:35.458   587   587 E SELinux : avc:  denied  { find } for interface=android.hardware.nfc::INfc sid=u:r:shell:s0 pid=31310 scontext=u:r:shell:s0 tcontext=u:object_r:hal_nfc_hwservice:s0 tclass=hwservice_manager permissive=0
10-25 12:12:35.458   587   587 I chatty  : uid=1000(system) hwservicemanage identical 1 line
10-25 12:12:35.458   587   587 E SELinux : avc:  denied  { find } for interface=android.hardware.nfc::INfc sid=u:r:shell:s0 pid=31310 scontext=u:r:shell:s0 tcontext=u:object_r:hal_nfc_hwservice:s0 tclass=hwservice_manager permissive=0
10-25 12:12:35.458   587   587 E SELinux : avc:  denied  { find } for interface=android.hardware.power::IPower sid=u:r:shell:s0 pid=31310 scontext=u:r:shell:s0 tcontext=u:object_r:hal_power_hwservice:s0 tclass=hwservice_manager permissive=0
10-25 12:12:35.458   587   587 E SELinux : avc:  denied  { find } for interface=android.hardware.radio.config::IRadioConfig sid=u:r:shell:s0 pid=31310 scontext=u:r:shell:s0 tcontext=u:object_r:hal_telephony_hwservice:s0 tclass=hwservice_manager permissive=0
10-25 12:12:35.459   587   587 E SELinux : avc:  denied  { find } for interface=android.hardware.radio.config::IRadioConfig sid=u:r:shell:s0 pid=31310 scontext=u:r:shell:s0 tcontext=u:object_r:hal_telephony_hwservice:s0 tclass=hwservice_manager permissive=0
10-25 12:12:35.459   587   587 E SELinux : avc:  denied  { find } for interface=android.hardware.radio::IRadio sid=u:r:shell:s0 pid=31310 scontext=u:r:shell:s0 tcontext=u:object_r:hal_telephony_hwservice:s0 tclass=hwservice_manager permissive=0
10-25 12:12:35.459   587   587 E SELinux : avc:  denied  { find } for interface=android.hardware.radio::IRadio sid=u:r:shell:s0 pid=31310 scontext=u:r:shell:s0 tcontext=u:object_r:hal_telephony_hwservice:s0 tclass=hwservice_manager permissive=0
10-25 12:12:35.459   587   587 E SELinux : avc:  denied  { find } for interface=android.hardware.radio::ISap sid=u:r:shell:s0 pid=31310 scontext=u:r:shell:s0 tcontext=u:object_r:hal_telephony_hwservice:s0 tclass=hwservice_manager permissive=0
10-25 12:12:35.459   587   587 E SELinux : avc:  denied  { find } for interface=android.hardware.radio::ISap sid=u:r:shell:s0 pid=31310 scontext=u:r:shell:s0 tcontext=u:object_r:hal_telephony_hwservice:s0 tclass=hwservice_manager permissive=0
10-25 12:12:35.460   587   587 E SELinux : avc:  denied  { find } for interface=android.hardware.radio::IRadio sid=u:r:shell:s0 pid=31310 scontext=u:r:shell:s0 tcontext=u:object_r:hal_telephony_hwservice:s0 tclass=hwservice_manager permissive=0
10-25 12:12:35.460   587   587 E SELinux : avc:  denied  { find } for interface=android.hardware.radio::IRadio sid=u:r:shell:s0 pid=31310 scontext=u:r:shell:s0 tcontext=u:object_r:hal_telephony_hwservice:s0 tclass=hwservice_manager permissive=0
10-25 12:12:35.460   587   587 E SELinux : avc:  denied  { find } for interface=android.hardware.radio::ISap sid=u:r:shell:s0 pid=31310 scontext=u:r:shell:s0 tcontext=u:object_r:hal_telephony_hwservice:s0 tclass=hwservice_manager permissive=0
10-25 12:12:35.460   587   587 E SELinux : avc:  denied  { find } for interface=android.hardware.radio::ISap sid=u:r:shell:s0 pid=31310 scontext=u:r:shell:s0 tcontext=u:object_r:hal_telephony_hwservice:s0 tclass=hwservice_manager permissive=0
10-25 12:12:35.460   587   587 E SELinux : avc:  denied  { find } for interface=android.hardware.radio::IRadio sid=u:r:shell:s0 pid=31310 scontext=u:r:shell:s0 tcontext=u:object_r:hal_telephony_hwservice:s0 tclass=hwservice_manager permissive=0
10-25 12:12:35.461   587   587 E SELinux : avc:  denied  { find } for interface=android.hardware.radio::IRadio sid=u:r:shell:s0 pid=31310 scontext=u:r:shell:s0 tcontext=u:object_r:hal_telephony_hwservice:s0 tclass=hwservice_manager permissive=0
10-25 12:12:35.461   587   587 E SELinux : avc:  denied  { find } for interface=android.hardware.radio::ISap sid=u:r:shell:s0 pid=31310 scontext=u:r:shell:s0 tcontext=u:object_r:hal_telephony_hwservice:s0 tclass=hwservice_manager permissive=0
10-25 12:12:35.461   587   587 E SELinux : avc:  denied  { find } for interface=android.hardware.radio::ISap sid=u:r:shell:s0 pid=31310 scontext=u:r:shell:s0 tcontext=u:object_r:hal_telephony_hwservice:s0 tclass=hwservice_manager permissive=0
10-25 12:12:35.461   587   587 E SELinux : avc:  denied  { find } for interface=android.hardware.radio::IRadio sid=u:r:shell:s0 pid=31310 scontext=u:r:shell:s0 tcontext=u:object_r:hal_telephony_hwservice:s0 tclass=hwservice_manager permissive=0
10-25 12:12:35.461   587   587 I chatty  : uid=1000(system) hwservicemanage identical 2 lines
10-25 12:12:35.462   587   587 E SELinux : avc:  denied  { find } for interface=android.hardware.radio::IRadio sid=u:r:shell:s0 pid=31310 scontext=u:r:shell:s0 tcontext=u:object_r:hal_telephony_hwservice:s0 tclass=hwservice_manager permissive=0
10-25 12:12:35.462   587   587 E SELinux : avc:  denied  { find } for interface=android.hardware.secure_element::ISecureElement sid=u:r:shell:s0 pid=31310 scontext=u:r:shell:s0 tcontext=u:object_r:hal_secure_element_hwservice:s0 tclass=hwservice_manager permissive=0
10-25 12:12:35.462   587   587 E SELinux : avc:  denied  { find } for interface=android.hardware.secure_element::ISecureElement sid=u:r:shell:s0 pid=31310 scontext=u:r:shell:s0 tcontext=u:object_r:hal_secure_element_hwservice:s0 tclass=hwservice_manager permissive=0
10-25 12:12:35.462   587   587 E SELinux : avc:  denied  { find } for interface=android.hardware.sensors::ISensors sid=u:r:shell:s0 pid=31310 scontext=u:r:shell:s0 tcontext=u:object_r:hal_sensors_hwservice:s0 tclass=hwservice_manager permissive=0
10-25 12:12:35.463   587   587 E SELinux : avc:  denied  { find } for interface=android.hardware.soundtrigger::ISoundTriggerHw sid=u:r:shell:s0 pid=31310 scontext=u:r:shell:s0 tcontext=u:object_r:hal_audio_hwservice:s0 tclass=hwservice_manager permissive=0
10-25 12:12:35.463   587   587 E SELinux : avc:  denied  { find } for interface=android.hardware.soundtrigger::ISoundTriggerHw sid=u:r:shell:s0 pid=31310 scontext=u:r:shell:s0 tcontext=u:object_r:hal_audio_hwservice:s0 tclass=hwservice_manager permissive=0
10-25 12:12:35.463   587   587 E SELinux : avc:  denied  { find } for interface=android.hardware.tetheroffload.config::IOffloadConfig sid=u:r:shell:s0 pid=31310 scontext=u:r:shell:s0 tcontext=u:object_r:hal_tetheroffload_hwservice:s0 tclass=hwservice_manager permissive=0
10-25 12:12:35.463   587   587 E SELinux : avc:  denied  { find } for interface=android.hardware.tetheroffload.control::IOffloadControl sid=u:r:shell:s0 pid=31310 scontext=u:r:shell:s0 tcontext=u:object_r:hal_tetheroffload_hwservice:s0 tclass=hwservice_manager permissive=0
10-25 12:12:35.463   587   587 E SELinux : avc:  denied  { find } for interface=android.hardware.thermal::IThermal sid=u:r:shell:s0 pid=31310 scontext=u:r:shell:s0 tcontext=u:object_r:hal_thermal_hwservice:s0 tclass=hwservice_manager permissive=0
10-25 12:12:35.464   587   587 E SELinux : avc:  denied  { find } for interface=android.hardware.usb::IUsb sid=u:r:shell:s0 pid=31310 scontext=u:r:shell:s0 tcontext=u:object_r:hal_usb_hwservice:s0 tclass=hwservice_manager permissive=0
10-25 12:12:35.464   587   587 E SELinux : avc:  denied  { find } for interface=android.hardware.vibrator::IVibrator sid=u:r:shell:s0 pid=31310 scontext=u:r:shell:s0 tcontext=u:object_r:hal_vibrator_hwservice:s0 tclass=hwservice_manager permissive=0
10-25 12:12:35.464   587   587 E SELinux : avc:  denied  { find } for interface=android.hardware.wifi.supplicant::ISupplicant sid=u:r:shell:s0 pid=31310 scontext=u:r:shell:s0 tcontext=u:object_r:hal_wifi_supplicant_hwservice:s0 tclass=hwservice_manager permissive=0
10-25 12:12:35.464   587   587 I chatty  : uid=1000(system) hwservicemanage identical 1 line
10-25 12:12:35.464   587   587 E SELinux : avc:  denied  { find } for interface=android.hardware.wifi.supplicant::ISupplicant sid=u:r:shell:s0 pid=31310 scontext=u:r:shell:s0 tcontext=u:object_r:hal_wifi_supplicant_hwservice:s0 tclass=hwservice_manager permissive=0
10-25 12:12:35.465   587   587 E SELinux : avc:  denied  { find } for interface=android.hardware.wifi::IWifi sid=u:r:shell:s0 pid=31310 scontext=u:r:shell:s0 tcontext=u:object_r:hal_wifi_hwservice:s0 tclass=hwservice_manager permissive=0
10-25 12:12:35.465   587   587 I chatty  : uid=1000(system) hwservicemanage identical 2 lines
10-25 12:12:35.465   587   587 E SELinux : avc:  denied  { find } for interface=android.hardware.wifi::IWifi sid=u:r:shell:s0 pid=31310 scontext=u:r:shell:s0 tcontext=u:object_r:hal_wifi_hwservice:s0 tclass=hwservice_manager permissive=0
10-25 12:12:35.466   587   587 E SELinux : avc:  denied  { find } for interface=android.hidl.base::IBase sid=u:r:shell:s0 pid=31310 scontext=u:r:shell:s0 tcontext=u:object_r:hidl_base_hwservice:s0 tclass=hwservice_manager permissive=0
10-25 12:12:35.473   587   587 I chatty  : uid=1000(system) hwservicemanage identical 27 lines
10-25 12:12:35.473   587   587 E SELinux : avc:  denied  { find } for interface=android.hidl.base::IBase sid=u:r:shell:s0 pid=31310 scontext=u:r:shell:s0 tcontext=u:object_r:hidl_base_hwservice:s0 tclass=hwservice_manager permissive=0
10-25 12:12:35.474   587   587 E SELinux : avc:  denied  { find } for interface=android.system.net.netd::INetd sid=u:r:shell:s0 pid=31310 scontext=u:r:shell:s0 tcontext=u:object_r:system_net_netd_hwservice:s0 tclass=hwservice_manager permissive=0
10-25 12:12:35.474   587   587 E SELinux : avc:  denied  { find } for interface=android.system.net.netd::INetd sid=u:r:shell:s0 pid=31310 scontext=u:r:shell:s0 tcontext=u:object_r:system_net_netd_hwservice:s0 tclass=hwservice_manager permissive=0
10-25 12:12:35.474   587   587 E SELinux : avc:  denied  { find } for interface=android.system.suspend::ISystemSuspend sid=u:r:shell:s0 pid=31310 scontext=u:r:shell:s0 tcontext=u:object_r:system_suspend_hwservice:s0 tclass=hwservice_manager permissive=0
10-25 12:12:35.474   587   587 E SELinux : avc:  denied  { find } for interface=android.system.wifi.keystore::IKeystore sid=u:r:shell:s0 pid=31310 scontext=u:r:shell:s0 tcontext=u:object_r:system_wifi_keystore_hwservice:s0 tclass=hwservice_manager permissive=0
10-25 12:12:35.475   587   587 E SELinux : avc:  denied  { find } for interface=com.qualcomm.qti.ant::IAntHci sid=u:r:shell:s0 pid=31310 scontext=u:r:shell:s0 tcontext=u:object_r:hal_bluetooth_hwservice:s0 tclass=hwservice_manager permissive=0
10-25 12:12:35.475   587   587 E SELinux : avc:  denied  { find } for interface=com.qualcomm.qti.dpm.api::IdpmQmi sid=u:r:shell:s0 pid=31310 scontext=u:r:shell:s0 tcontext=u:object_r:hal_dpmqmi_hwservice:s0 tclass=hwservice_manager permissive=0
10-25 12:12:35.475   587   587 E SELinux : avc:  denied  { find } for interface=com.qualcomm.qti.imscmservice::IImsCmService sid=u:r:shell:s0 pid=31310 scontext=u:r:shell:s0 tcontext=u:object_r:hal_imsrcsd_hwservice:s0 tclass=hwservice_manager permissive=0
10-25 12:12:35.475   587   587 I chatty  : uid=1000(system) hwservicemanage identical 1 line
10-25 12:12:35.475   587   587 E SELinux : avc:  denied  { find } for interface=com.qualcomm.qti.imscmservice::IImsCmService sid=u:r:shell:s0 pid=31310 scontext=u:r:shell:s0 tcontext=u:object_r:hal_imsrcsd_hwservice:s0 tclass=hwservice_manager permissive=0
10-25 12:12:35.476   587   587 E SELinux : avc:  denied  { find } for interface=com.qualcomm.qti.uceservice::IUceService sid=u:r:shell:s0 pid=31310 scontext=u:r:shell:s0 tcontext=u:object_r:hal_imsrcsd_hwservice:s0 tclass=hwservice_manager permissive=0
10-25 12:12:35.476   587   587 E SELinux : avc:  denied  { find } for interface=com.qualcomm.qti.uceservice::IUceService sid=u:r:shell:s0 pid=31310 scontext=u:r:shell:s0 tcontext=u:object_r:hal_imsrcsd_hwservice:s0 tclass=hwservice_manager permissive=0
10-25 12:12:35.476   587   587 E SELinux : avc:  denied  { find } for interface=com.qualcomm.qti.wifidisplayhal::IDSManager sid=u:r:shell:s0 pid=31310 scontext=u:r:shell:s0 tcontext=u:object_r:wifidisplayhalservice_hwservice:s0 tclass=hwservice_manager permissive=0
10-25 12:12:35.476   587   587 E SELinux : avc:  denied  { find } for interface=com.qualcomm.qti.wifidisplayhal::IHDCPSession sid=u:r:shell:s0 pid=31310 scontext=u:r:shell:s0 tcontext=u:object_r:wifidisplayhalservice_hwservice:s0 tclass=hwservice_manager permissive=0
10-25 12:12:35.477   587   587 E SELinux : avc:  denied  { find } for interface=vendor.display.color::IDisplayColor sid=u:r:shell:s0 pid=31310 scontext=u:r:shell:s0 tcontext=u:object_r:hal_display_color_hwservice:s0 tclass=hwservice_manager permissive=0
10-25 12:12:35.477   587   587 E SELinux : avc:  denied  { find } for interface=vendor.display.config::IDisplayConfig sid=u:r:shell:s0 pid=31310 scontext=u:r:shell:s0 tcontext=u:object_r:hal_display_config_hwservice:s0 tclass=hwservice_manager permissive=0
10-25 12:12:35.477   587   587 E SELinux : avc:  denied  { find } for interface=vendor.display.config::IDisplayConfig sid=u:r:shell:s0 pid=31310 scontext=u:r:shell:s0 tcontext=u:object_r:hal_display_config_hwservice:s0 tclass=hwservice_manager permissive=0
10-25 12:12:35.477   587   587 E SELinux : avc:  denied  { find } for interface=vendor.display.postproc::IDisplayPostproc sid=u:r:shell:s0 pid=31310 scontext=u:r:shell:s0 tcontext=u:object_r:hal_display_postproc_hwservice:s0 tclass=hwservice_manager permissive=0
10-25 12:12:35.477   587   587 E SELinux : avc:  denied  { find } for interface=vendor.pixelworks.hardware.display::IIris sid=u:r:shell:s0 pid=31310 scontext=u:r:shell:s0 tcontext=u:object_r:hal_display_iris_hwservice:s0 tclass=hwservice_manager permissive=0
10-25 12:12:35.477   587   587 E SELinux : avc:  denied  { find } for interface=vendor.qti.data.factory::IFactory sid=u:r:shell:s0 pid=31310 scontext=u:r:shell:s0 tcontext=u:object_r:hal_datafactory_hwservice:s0 tclass=hwservice_manager permissive=0
10-25 12:12:35.478   587   587 E SELinux : avc:  denied  { find } for interface=vendor.qti.esepowermanager::IEsePowerManager sid=u:r:shell:s0 pid=31310 scontext=u:r:shell:s0 tcontext=u:object_r:hal_esepowermanager_hwservice:s0 tclass=hwservice_manager permissive=0
10-25 12:12:35.478   587   587 E SELinux : avc:  denied  { find } for interface=vendor.qti.gnss::ILocHidlGnss sid=u:r:shell:s0 pid=31310 scontext=u:r:shell:s0 tcontext=u:object_r:hal_gnss_hwservice:s0 tclass=hwservice_manager permissive=0
10-25 12:12:35.479   587   587 I chatty  : uid=1000(system) hwservicemanage identical 4 lines
10-25 12:12:35.479   587   587 E SELinux : avc:  denied  { find } for interface=vendor.qti.gnss::ILocHidlGnss sid=u:r:shell:s0 pid=31310 scontext=u:r:shell:s0 tcontext=u:object_r:hal_gnss_hwservice:s0 tclass=hwservice_manager permissive=0
10-25 12:12:35.479   587   587 E SELinux : avc:  denied  { find } for interface=vendor.qti.hardware.acc_calibrate::IAcc sid=u:r:shell:s0 pid=31310 scontext=u:r:shell:s0 tcontext=u:object_r:hal_acc_calibrate_hwservice:s0 tclass=hwservice_manager permissive=0
10-25 12:12:35.479   587   587 E SELinux : avc:  denied  { find } for interface=vendor.qti.hardware.alarm::IAlarm sid=u:r:shell:s0 pid=31310 scontext=u:r:shell:s0 tcontext=u:object_r:hal_alarm_qti_hwservice:s0 tclass=hwservice_manager permissive=0
10-25 12:12:35.479   587   587 E SELinux : avc:  denied  { find } for interface=vendor.qti.hardware.bluetooth_audio::IBluetoothAudioProvidersFactory sid=u:r:shell:s0 pid=31310 scontext=u:r:shell:s0 tcontext=u:object_r:hal_audio_hwservice:s0 tclass=hwservice_manager permissive=0
10-25 12:12:35.480   587   587 E SELinux : avc:  denied  { find } for interface=vendor.qti.hardware.bluetooth_sar::IBluetoothSar sid=u:r:shell:s0 pid=31310 scontext=u:r:shell:s0 tcontext=u:object_r:hal_bluetooth_hwservice:s0 tclass=hwservice_manager permissive=0
10-25 12:12:35.480   587   587 E SELinux : avc:  denied  { find } for interface=vendor.qti.hardware.btconfigstore::IBTConfigStore sid=u:r:shell:s0 pid=31310 scontext=u:r:shell:s0 tcontext=u:object_r:hal_btconfigstore_hwservice:s0 tclass=hwservice_manager permissive=0
10-25 12:12:35.480   587   587 E SELinux : avc:  denied  { find } for interface=vendor.qti.hardware.cacert::IService sid=u:r:shell:s0 pid=31310 scontext=u:r:shell:s0 tcontext=u:object_r:hal_cacert_hwservice:s0 tclass=hwservice_manager permissive=0
10-25 12:12:35.480   587   587 E SELinux : avc:  denied  { find } for interface=vendor.qti.hardware.cryptfshw::ICryptfsHw sid=u:r:shell:s0 pid=31310 scontext=u:r:shell:s0 tcontext=u:object_r:hal_keymaster_hwservice:s0 tclass=hwservice_manager permissive=0
10-25 12:12:35.480   587   587 E SELinux : avc:  denied  { find } for interface=vendor.qti.hardware.data.connection::IDataConnection sid=u:r:shell:s0 pid=31310 scontext=u:r:shell:s0 tcontext=u:object_r:hal_dataconnection_hwservice:s0 tclass=hwservice_manager permissive=0
10-25 12:12:35.481   587   587 I chatty  : uid=1000(system) hwservicemanage identical 2 lines
10-25 12:12:35.481   587   587 E SELinux : avc:  denied  { find } for interface=vendor.qti.hardware.data.connection::IDataConnection sid=u:r:shell:s0 pid=31310 scontext=u:r:shell:s0 tcontext=u:object_r:hal_dataconnection_hwservice:s0 tclass=hwservice_manager permissive=0
10-25 12:12:35.481   587   587 E SELinux : avc:  denied  { find } for interface=vendor.qti.hardware.data.latency::ILinkLatency sid=u:r:shell:s0 pid=31310 scontext=u:r:shell:s0 tcontext=u:object_r:hal_latency_hwservice:s0 tclass=hwservice_manager permissive=0
10-25 12:12:35.481   587   587 E SELinux : avc:  denied  { find } for interface=vendor.qti.hardware.fm::IFmHci sid=u:r:shell:s0 pid=31310 scontext=u:r:shell:s0 tcontext=u:object_r:hal_fm_hwservice:s0 tclass=hwservice_manager permissive=0
10-25 12:12:35.481   587   587 E SELinux : avc:  denied  { find } for interface=vendor.qti.hardware.perf::IPerf sid=u:r:shell:s0 pid=31310 scontext=u:r:shell:s0 tcontext=u:object_r:hal_perf_hwservice:s0 tclass=hwservice_manager permissive=0
10-25 12:12:35.482   587   587 E SELinux : avc:  denied  { find } for interface=vendor.qti.hardware.qdutils_disp::IQdutilsDisp sid=u:r:shell:s0 pid=31310 scontext=u:r:shell:s0 tcontext=u:object_r:hal_qdutils_disp_hwservice:s0 tclass=hwservice_manager permissive=0
10-25 12:12:35.482   587   587 E SELinux : avc:  denied  { find } for interface=vendor.qti.hardware.qteeconnector::IAppConnector sid=u:r:shell:s0 pid=31310 scontext=u:r:shell:s0 tcontext=u:object_r:hal_qteeconnector_hwservice:s0 tclass=hwservice_manager permissive=0
10-25 12:12:35.482   587   587 E SELinux : avc:  denied  { find } for interface=vendor.qti.hardware.qteeconnector::IGPAppConnector sid=u:r:shell:s0 pid=31310 scontext=u:r:shell:s0 tcontext=u:object_r:hal_qteeconnector_hwservice:s0 tclass=hwservice_manager permissive=0
10-25 12:12:35.482   587   587 E SELinux : avc:  denied  { find } for interface=vendor.qti.hardware.radio.am::IQcRilAudio sid=u:r:shell:s0 pid=31310 scontext=u:r:shell:s0 tcontext=u:object_r:hal_telephony_hwservice:s0 tclass=hwservice_manager permissive=0
10-25 12:12:35.483   587   587 E SELinux : avc:  denied  { find } for interface=vendor.qti.hardware.radio.am::IQcRilAudio sid=u:r:shell:s0 pid=31310 scontext=u:r:shell:s0 tcontext=u:object_r:hal_telephony_hwservice:s0 tclass=hwservice_manager permissive=0
10-25 12:12:35.483   587   587 E SELinux : avc:  denied  { find } for interface=vendor.qti.hardware.radio.ims::IImsRadio sid=u:r:shell:s0 pid=31310 scontext=u:r:shell:s0 tcontext=u:object_r:hal_telephony_hwservice:s0 tclass=hwservice_manager permissive=0
10-25 12:12:35.485   587   587 I chatty  : uid=1000(system) hwservicemanage identical 10 lines
10-25 12:12:35.485   587   587 E SELinux : avc:  denied  { find } for interface=vendor.qti.hardware.radio.ims::IImsRadio sid=u:r:shell:s0 pid=31310 scontext=u:r:shell:s0 tcontext=u:object_r:hal_telephony_hwservice:s0 tclass=hwservice_manager permissive=0
10-25 12:12:35.485   587   587 E SELinux : avc:  denied  { find } for interface=vendor.qti.hardware.radio.lpa::IUimLpa sid=u:r:shell:s0 pid=31310 scontext=u:r:shell:s0 tcontext=u:object_r:hal_telephony_hwservice:s0 tclass=hwservice_manager permissive=0
10-25 12:12:35.485   587   587 E SELinux : avc:  denied  { find } for interface=vendor.qti.hardware.radio.lpa::IUimLpa sid=u:r:shell:s0 pid=31310 scontext=u:r:shell:s0 tcontext=u:object_r:hal_telephony_hwservice:s0 tclass=hwservice_manager permissive=0
10-25 12:12:35.486   587   587 E SELinux : avc:  denied  { find } for interface=vendor.qti.hardware.radio.qcrilhook::IQtiOemHook sid=u:r:shell:s0 pid=31310 scontext=u:r:shell:s0 tcontext=u:object_r:hal_telephony_hwservice:s0 tclass=hwservice_manager permissive=0
10-25 12:12:35.486   587   587 E SELinux : avc:  denied  { find } for interface=vendor.qti.hardware.radio.qcrilhook::IQtiOemHook sid=u:r:shell:s0 pid=31310 scontext=u:r:shell:s0 tcontext=u:object_r:hal_telephony_hwservice:s0 tclass=hwservice_manager permissive=0
10-25 12:12:35.486   587   587 E SELinux : avc:  denied  { find } for interface=vendor.qti.hardware.radio.qtiradio::IQtiRadio sid=u:r:shell:s0 pid=31310 scontext=u:r:shell:s0 tcontext=u:object_r:hal_telephony_hwservice:s0 tclass=hwservice_manager permissive=0
10-25 12:12:35.488   587   587 I chatty  : uid=1000(system) hwservicemanage identical 8 lines
10-25 12:12:35.488   587   587 E SELinux : avc:  denied  { find } for interface=vendor.qti.hardware.radio.qtiradio::IQtiRadio sid=u:r:shell:s0 pid=31310 scontext=u:r:shell:s0 tcontext=u:object_r:hal_telephony_hwservice:s0 tclass=hwservice_manager permissive=0
