10-25 12:12:35.488   587   587 E SELinux : avc:  denied  { find } for interface=vendor.qti.hardware.radio.uim::IUim sid=u:r:shell:s0 pid=31310 scontext=u:r:shell:s0 tcontext=u:object_r:hal_telephony_hwservice:s0 tclass=hwservice_manager permissive=0
10-25 12:12:35.489   587   587 I chatty  : uid=1000(system) hwservicemanage identical 4 lines
10-25 12:12:35.489   587   587 E SELinux : avc:  denied  { find } for interface=vendor.qti.hardware.radio.uim::IUim sid=u:r:shell:s0 pid=31310 scontext=u:r:shell:s0 tcontext=u:object_r:hal_telephony_hwservice:s0 tclass=hwservice_manager permissive=0
10-25 12:12:35.489   587   587 E SELinux : avc:  denied  { find } for interface=vendor.qti.hardware.radio.uim_remote_client::IUimRemoteServiceClient sid=u:r:shell:s0 pid=31310 scontext=u:r:shell:s0 tcontext=u:object_r:hal_telephony_hwservice:s0 tclass=hwservice_manager permissive=0
10-25 12:12:35.490   587   587 E SELinux : avc:  denied  { find } for interface=vendor.qti.hardware.radio.uim_remote_client::IUimRemoteServiceClient sid=u:r:shell:s0 pid=31310 scontext=u:r:shell:s0 tcontext=u:object_r:hal_telephony_hwservice:s0 tclass=hwservice_manager permissive=0
10-25 12:12:35.490   587   587 E SELinux : avc:  denied  { find } for interface=vendor.qti.hardware.radio.uim_remote_server::IUimRemoteServiceServer sid=u:r:shell:s0 pid=31310 scontext=u:r:shell:s0 tcontext=u:object_r:hal_telephony_hwservice:s0 tclass=hwservice_manager permissive=0
10-25 12:12:35.490   587   587 E SELinux : avc:  denied  { find } for interface=vendor.qti.hardware.radio.uim_remote_server::IUimRemoteServiceServer sid=u:r:shell:s0 pid=31310 scontext=u:r:shell:s0 tcontext=u:object_r:hal_telephony_hwservice:s0 tclass=hwservice_manager permissive=0
10-25 12:12:35.490   587   587 E SELinux : avc:  denied  { find } for interface=vendor.qti.hardware.soter::ISoter sid=u:r:shell:s0 pid=31310 scontext=u:r:shell:s0 tcontext=u:object_r:hal_soter_hwservice:s0 tclass=hwservice_manager permissive=0
10-25 12:12:35.490   587   587 E SELinux : avc:  denied  { find } for interface=vendor.qti.hardware.tui_comm::ITuiComm sid=u:r:shell:s0 pid=31310 scontext=u:r:shell:s0 tcontext=u:object_r:hal_tui_comm_hwservice:s0 tclass=hwservice_manager permissive=0
10-25 12:12:35.491   587   587 E SELinux : avc:  denied  { find } for interface=vendor.qti.hardware.wifi.supplicant::ISupplicantVendor sid=u:r:shell:s0 pid=31310 scontext=u:r:shell:s0 tcontext=u:object_r:hal_wifi_supplicant_hwservice:s0 tclass=hwservice_manager permissive=0
10-25 12:12:35.491   587   587 E SELinux : avc:  denied  { find } for interface=vendor.qti.ims.callinfo::IService sid=u:r:shell:s0 pid=31310 scontext=u:r:shell:s0 tcontext=u:object_r:hal_imscallinfo_hwservice:s0 tclass=hwservice_manager permissive=0
10-25 12:12:35.491   587   587 E SELinux : avc:  denied  { find } for interface=vendor.qti.imsrtpservice::IRTPService sid=u:r:shell:s0 pid=31310 scontext=u:r:shell:s0 tcontext=u:object_r:hal_imsrtp_hwservice:s0 tclass=hwservice_manager permissive=0
10-25 12:12:35.491   587   587 E SELinux : avc:  denied  { find } for interface=vendor.qti.imsrtpservice::IRTPService sid=u:r:shell:s0 pid=31310 scontext=u:r:shell:s0 tcontext=u:object_r:hal_imsrtp_hwservice:s0 tclass=hwservice_manager permissive=0
10-25 12:12:35.492   587   587 E SELinux : avc:  denied  { find } for interface=vendor.sw.swfingerprint::ISwfingerprint sid=u:r:shell:s0 pid=31310 scontext=u:r:shell:s0 tcontext=u:object_r:hal_swfingerprint_hwservice:s0 tclass=hwservice_manager permissive=0
10-25 12:12:35.492   587   587 E SELinux : avc:  denied  { find } for interface=vendor.trustonic.tee.tui::ITui sid=u:r:shell:s0 pid=31310 scontext=u:r:shell:s0 tcontext=u:object_r:hal_tee_hwservice:s0 tclass=hwservice_manager permissive=0
10-25 12:12:35.492   587   587 E SELinux : avc:  denied  { find } for interface=vendor.trustonic.tee::ITee sid=u:r:shell:s0 pid=31310 scontext=u:r:shell:s0 tcontext=u:object_r:hal_tee_hwservice:s0 tclass=hwservice_manager permissive=0
10-25 12:12:35.492   587   587 E SELinux : avc:  denied  { find } for interface=vendor.trustonic.teeregistry::ITeeRegistry sid=u:r:shell:s0 pid=31310 scontext=u:r:shell:s0 tcontext=u:object_r:hal_teeregistry_hwservice:s0 tclass=hwservice_manager permissive=0
10-25 12:12:35.575  1168 20338 I LOWI-8.6.0.67: [LOWI-Scan] lowi_close_record:Scan done in 1113252529ms, 17 APs in scan results
10-25 12:12:35.576  1523  5348 D WificondControl: Scan result ready event
10-25 12:12:35.586   992   992 I wificond: wifi generation capability mask: 11
10-25 12:12:35.643  1523  2012 D WifiClientModeImpl: CMD_START_CONNECT sup state DisconnectedState my state DisconnectedState nid=5 roam=false
10-25 12:12:35.647  1523  2012 D WifiClientModeImpl: No changes in MAC address
10-25 12:12:35.649  1523  2012 I WifiClientModeImpl: Connecting with 5a:5f:0d:68:b5:7c as the mac address
10-25 12:12:35.649   992   992 W wificond: Scan is not started. Ignore abort request
10-25 12:12:35.650  1523  2012 D SupplicantStaIfaceHal: connectToNetwork "string-theory"WPA_PSK isAscii=true
10-25 12:12:35.650  1523  2012 D SupplicantStaIfaceHal: Network is already saved, will not trigger remove and add operation.
10-25 12:12:35.650  2426  2426 I wpa_supplicant: getCapabilitiesInternal capabilities: NONE IEEE8021X WPA-EAP WPA-PSK WPA-EAP-SUITE-B FILS-SHA256 FILS-SHA384 FT-PSK
10-25 12:12:35.652  2426  2426 I wpa_supplicant: wlan0: CTRL-EVENT-SSID-REENABLED id=0 ssid="string-theory"
10-25 12:12:35.652  2426  2426 E wpa_supplicant: eap_proxy: eap_proxy_notify_config
10-25 12:12:35.653  2426  2426 I wpa_supplicant: wlan0: Trying to associate with SSID 'string-theory'
10-25 12:12:35.656  2660  2660 D DPMJ    : |SERVICE| DPM received action android.net.wifi.STATE_CHANGE
10-25 12:12:35.658  2454  2454 D BluetoothAdapterService: android.net.wifi.STATE_CHANGE
10-25 12:12:35.658  1523  4969 V LocSvc_HIDL_Subscription_jni: wifi_supplicant_status_update
10-25 12:12:35.658  1523  4969 V LocSvc_HIDL_Subscription_jni: [wifi_supplicant_status_update][703] [HC] =>> [HS]
10-25 12:12:35.658   772   772 V LocSvc_HIDL_IzatSubscription: [wifiSupplicantStatusUpdate][675] [HS] <<<<= [HC]
10-25 12:12:35.658 15033 15033 I VowifiService: intentandroid.net.wifi.STATE_CHANGE
10-25 12:12:35.659  1523  4969 V LocSvc_HIDL_Subscription_jni: Exit Result 0
10-25 12:12:35.660  2803  4974 D QCNEJ/WlanStaInfoRelay: Received action: android.net.wifi.STATE_CHANGE
10-25 12:12:35.660  2660  2660 I DPMJ    : |SERVICE| sendWifiStatus - subType: 21 networkState: 0 softApState: 11 rssi=0 ssid= bssid=00:00:00:00:00:00 ipV4Addr= ifNameV4= ipAddrV6= ifNameV6=
10-25 12:12:35.660 15033 15033 I VowifiService: isWifiConnectedCurrent() return false
10-25 12:12:35.660 15033 15033 I VowifiService: cancel notification
10-25 12:12:35.661  2803  4974 I QCNEJ/NativeHalConnector: -> SND notifyWlanStaStatusChanged([WlanStaInfo]: wifiSwitchState = 1 rssi = -127 ssid = string-theory bssid = b8:27:eb:8d:13:72 dnsInfo = 0.0.0.0;0.0.0.0;0.0.0.0;0.0.0.0; freqBand = _2GHz countryCode = [RatInfo]: networkType = 1 subType = 101 networkState = CONNECTING netHdl = -1 ipAddrV4 =  ipAddrV6 =  ifNameV4 =  ifNameV6 =  slotIdx = 0 isAndroidValidated = false) timeStamp = 2022-10-25 12:12:35.661
10-25 12:12:35.661  2454  2454 D BluetoothVendorService: setWifiState to: false
10-25 12:12:35.662  2454  2454 I BluetoothVendorJni: setWifiStateNative
10-25 12:12:35.662  2454  2454 I bt_btif_vendor: setWifiState :0
10-25 12:12:35.670  2426  2426 E wpa_supplicant: eap_proxy: eap_proxy_notify_config
10-25 12:12:35.670  2426  2426 E wpa_supplicant: eap_proxy: eap_proxy_allowed_method
10-25 12:12:35.702   783  2509 I WifiHAL : send oem msg of len : 80 to apps
10-25 12:12:35.704  1523  1622 I EthernetTracker: interfaceLinkStateChanged, iface: wlan0, up: false
10-25 12:12:35.705  1523  1622 I EthernetTracker: interfaceLinkStateChanged, iface: wlan0, up: true
10-25 12:12:35.705   730   730 I netd    : interfaceGetCfg("wlan0") <0.48ms>
10-25 12:12:35.707  2426  2426 I wpa_supplicant: wlan0: Associated with b8:27:eb:8d:13:72
10-25 12:12:35.707  2426  2426 I wpa_supplicant: wlan0: CTRL-EVENT-SUBNET-STATUS-UPDATE status=0
10-25 12:12:35.707  2426  2426 I wpa_supplicant: wlan0: WPA: RX message 1 of 4-Way Handshake from b8:27:eb:8d:13:72 (ver=2)
10-25 12:12:35.707   730   730 I netd    : interfaceGetCfg("wlan0") <0.34ms>
10-25 12:12:35.708  2426  2426 I wpa_supplicant: wlan0: WPA: Sending EAPOL-Key 2/4
10-25 12:12:35.710  2454  2454 D BluetoothAdapterService: android.net.wifi.STATE_CHANGE
10-25 12:12:35.711  2660  2660 D DPMJ    : |SERVICE| DPM received action android.net.wifi.STATE_CHANGE
10-25 12:12:35.711  2803  4974 D QCNEJ/WlanStaInfoRelay: Received action: android.net.wifi.STATE_CHANGE
10-25 12:12:35.712 15033 15033 I VowifiService: intentandroid.net.wifi.STATE_CHANGE
10-25 12:12:35.712  2803  4974 I QCNEJ/NativeHalConnector: -> SND notifyWlanStaStatusChanged([WlanStaInfo]: wifiSwitchState = 1 rssi = -127 ssid = string-theory bssid = b8:27:eb:8d:13:72 dnsInfo = 0.0.0.0;0.0.0.0;0.0.0.0;0.0.0.0; freqBand = _2GHz countryCode = [RatInfo]: networkType = 1 subType = 101 networkState = CONNECTING netHdl = -1 ipAddrV4 =  ipAddrV6 =  ifNameV4 =  ifNameV6 =  slotIdx = 0 isAndroidValidated = false) timeStamp = 2022-10-25 12:12:35.712
10-25 12:12:35.713  2660  2660 I DPMJ    : |SERVICE| sendWifiStatus - subType: 21 networkState: 0 softApState: 11 rssi=0 ssid= bssid=00:00:00:00:00:00 ipV4Addr= ifNameV4= ipAddrV6= ifNameV6=
10-25 12:12:35.713 15033 15033 I VowifiService: isWifiConnectedCurrent() return false
10-25 12:12:35.713 15033 15033 I VowifiService: cancel notification
10-25 12:12:35.714  1523  4969 V LocSvc_HIDL_Subscription_jni: wifi_supplicant_status_update
10-25 12:12:35.714  1523  4969 V LocSvc_HIDL_Subscription_jni: [wifi_supplicant_status_update][703] [HC] =>> [HS]
10-25 12:12:35.714   772   772 V LocSvc_HIDL_IzatSubscription: [wifiSupplicantStatusUpdate][675] [HS] <<<<= [HC]
10-25 12:12:35.714  1523  4969 V LocSvc_HIDL_Subscription_jni: Exit Result 0
10-25 12:12:35.714  1523  4969 V LocSvc_HIDL_Subscription_jni: wifi_supplicant_status_update
10-25 12:12:35.714  1523  4969 V LocSvc_HIDL_Subscription_jni: [wifi_supplicant_status_update][703] [HC] =>> [HS]
10-25 12:12:35.714   772   772 V LocSvc_HIDL_IzatSubscription: [wifiSupplicantStatusUpdate][675] [HS] <<<<= [HC]
10-25 12:12:35.714  1523  4969 V LocSvc_HIDL_Subscription_jni: Exit Result 0
10-25 12:12:35.715  2454  2454 D BluetoothVendorService: setWifiState to: false
10-25 12:12:35.715  2454  2454 I BluetoothVendorJni: setWifiStateNative
10-25 12:12:35.715  2454  2454 I bt_btif_vendor: setWifiState :0
10-25 12:12:36.706  2426  2426 I wpa_supplicant: wlan0: WPA: RX message 1 of 4-Way Handshake from b8:27:eb:8d:13:72 (ver=2)
10-25 12:12:36.706  2426  2426 I wpa_supplicant: wlan0: WPA: Sending EAPOL-Key 2/4
10-25 12:12:37.707  2426  2426 I wpa_supplicant: wlan0: WPA: RX message 1 of 4-Way Handshake from b8:27:eb:8d:13:72 (ver=2)
10-25 12:12:37.707  2426  2426 I wpa_supplicant: wlan0: WPA: Sending EAPOL-Key 2/4
10-25 12:12:38.006  1523  5329 I WifiService: startScan uid=10207
10-25 12:12:38.045   587   587 I hwservicemanager: getTransport: Cannot find entry vendor.qti.hardware.servicetracker@1.0::IServicetracker/default in either framework or device manifest.
10-25 12:12:38.049   992   992 E wificond: NL80211_CMD_TRIGGER_SCAN failed: Device or resource busy
10-25 12:12:38.050  1523  2021 E WificondScannerImpl: Failed to start scan, freqs=null
10-25 12:12:38.050  1523  2012 E WifiScanRequestProxy: Scan failure received. reason: -1,description: Scan failed
10-25 12:12:38.572   587   587 I hwservicemanager: getTransport: Cannot find entry vendor.qti.hardware.servicetracker@1.0::IServicetracker/default in either framework or device manifest.
10-25 12:12:38.709  2426  2426 I wpa_supplicant: wlan0: WPA: RX message 1 of 4-Way Handshake from b8:27:eb:8d:13:72 (ver=2)
10-25 12:12:38.709  2426  2426 I wpa_supplicant: wlan0: WPA: Sending EAPOL-Key 2/4
10-25 12:12:39.715  1523  1622 I EthernetTracker: interfaceLinkStateChanged, iface: wlan0, up: false
10-25 12:12:39.718   730   730 I netd    : interfaceGetCfg("wlan0") <1.66ms>
10-25 12:12:39.720  1523  1622 I EthernetTracker: interfaceLinkStateChanged, iface: wlan0, up: false
10-25 12:12:39.721   730   730 I netd    : interfaceGetCfg("wlan0") <0.45ms>
10-25 12:12:39.724   783  2509 I WifiHAL : Fate Tx-Rx: Packet fate stats stop received
10-25 12:12:39.724   783  2509 I WifiHAL : send oem msg of len : 80 to apps
10-25 12:12:39.726  2426  2426 I wpa_supplicant: wlan0: CTRL-EVENT-DISCONNECTED bssid=b8:27:eb:8d:13:72 reason=2
10-25 12:12:39.726  2426  2426 I wpa_supplicant: wlan0: WPA: 4-Way Handshake failed - pre-shared key may be incorrect
10-25 12:12:39.726  2426  2426 I wpa_supplicant: wlan0: CTRL-EVENT-SSID-TEMP-DISABLED id=0 ssid="string-theory" auth_failures=1 duration=10 reason=WRONG_KEY
10-25 12:12:39.727  2426  2426 E wpa_supplicant: nl80211: Failed to open /proc/sys/net/ipv4/conf/wlan0/drop_unicast_in_l2_multicast: No such file or directory
10-25 12:12:39.727  2426  2426 E wpa_supplicant: nl80211: Failed to set IPv4 unicast in multicast filter
10-25 12:12:39.728  2426  2426 E wpa_supplicant: eap_proxy: eap_proxy_notify_config
10-25 12:12:39.728  1523  2012 W WifiDiags: CaptureBugReport 2
10-25 12:12:39.731   783   783 E WifiHAL : wifi_get_ring_data: Error -5 happened. 
10-25 12:12:39.732  1523  2012 E WifiVendorHal: getRingBufferData(l.1675) failed {.code = ERROR_INVALID_ARGS, .description = }
10-25 12:12:39.769  1523  1523 W ClientModeImpl: type=1400 audit(0.0:28811): avc: denied { syslog_read } for scontext=u:r:system_server:s0 tcontext=u:r:kernel:s0 tclass=system permissive=0
10-25 12:12:39.769   783   783 W wifi@1.0-servic: type=1400 audit(0.0:28812): avc: denied { write } for name="wifi" dev="mmcblk0p68" ino=2883588 scontext=u:r:hal_wifi_default:s0 tcontext=u:object_r:vendor_tombstone_data_file:s0 tclass=dir permissive=0
10-25 12:12:39.773  1523  2012 D WifiDiags: Reading kernel log ...
10-25 12:12:39.774  1523  2012 D wifi-jni: no kernel logs
10-25 12:12:39.775   783   783 E android.hardware.wifi@1.0-service: create file failed: Permission denied
10-25 12:12:39.775   783   783 E android.hardware.wifi@1.0-service: Error writing files to flash
10-25 12:12:39.775  1523  2012 E WifiVendorHal: flushRingBufferData(l.1693) failed {.code = ERROR_UNKNOWN, .description = }
10-25 12:12:39.775  1523  2012 W WifiDiags: could not flush ringbuffer
10-25 12:12:39.785  2454  2454 D BluetoothAdapterService: android.net.wifi.STATE_CHANGE
10-25 12:12:39.787  2803  4974 D QCNEJ/WlanStaInfoRelay: Received action: android.net.wifi.STATE_CHANGE
10-25 12:12:39.787  2803  4974 D QCNEJ/WlanStaInfoRelay: reset CountryCodeRetriever
10-25 12:12:39.787  2803  4974 I QCNEJ/NativeHalConnector: -> SND notifyWlanStaStatusChanged([WlanStaInfo]: wifiSwitchState = 1 rssi = 0 ssid =  bssid = 00:00:00:00:00:00 dnsInfo = 0.0.0.0;0.0.0.0;0.0.0.0;0.0.0.0; freqBand = _2GHz countryCode = [RatInfo]: networkType = 1 subType = 101 networkState = DISCONNECTED netHdl = -1 ipAddrV4 =  ipAddrV6 =  ifNameV4 =  ifNameV6 =  slotIdx = 0 isAndroidValidated = false) timeStamp = 2022-10-25 12:12:39.787
10-25 12:12:39.788 15033 15033 I VowifiService: intentandroid.net.wifi.STATE_CHANGE
10-25 12:12:39.788  2660  2660 D DPMJ    : |SERVICE| DPM received action android.net.wifi.STATE_CHANGE
10-25 12:12:39.789  2454  2454 D BluetoothVendorService: setWifiState to: false
10-25 12:12:39.789  2660  2660 I DPMJ    : |SERVICE| sendWifiStatus - subType: 21 networkState: 4 softApState: 11 rssi=0 ssid= bssid=00:00:00:00:00:00 ipV4Addr= ifNameV4= ipAddrV6= ifNameV6=
10-25 12:12:39.789  2454  2454 I BluetoothVendorJni: setWifiStateNative
10-25 12:12:39.789  2454  2454 I bt_btif_vendor: setWifiState :0
10-25 12:12:39.789 15033 15033 I VowifiService: isWifiConnectedCurrent() return false
10-25 12:12:39.789 15033 15033 I VowifiService: cancel notification
10-25 12:12:39.790  1523  4969 V LocSvc_HIDL_Subscription_jni: wifi_supplicant_status_update
10-25 12:12:39.790  1523  4969 V LocSvc_HIDL_Subscription_jni: [wifi_supplicant_status_update][703] [HC] =>> [HS]
10-25 12:12:39.790   772   772 V LocSvc_HIDL_IzatSubscription: [wifiSupplicantStatusUpdate][675] [HS] <<<<= [HC]
10-25 12:12:39.790  1523  4969 V LocSvc_HIDL_Subscription_jni: Exit Result 0
10-25 12:12:41.279 31318 31318 W app_process: type=1400 audit(0.0:28813): avc: denied { read } for name="u:object_r:device_config_runtime_native_boot_prop:s0" dev="tmpfs" ino=12011 scontext=u:r:shell:s0 tcontext=u:object_r:device_config_runtime_native_boot_prop:s0 tclass=file permissive=0
10-25 12:12:41.279 31318 31318 W app_process: type=1400 audit(0.0:28814): avc: denied { read } for name="u:object_r:device_config_runtime_native_boot_prop:s0" dev="tmpfs" ino=12011 scontext=u:r:shell:s0 tcontext=u:object_r:device_config_runtime_native_boot_prop:s0 tclass=file permissive=0
10-25 12:12:41.279 31318 31318 W app_process: type=1400 audit(0.0:28815): avc: denied { read } for name="u:object_r:device_config_runtime_native_boot_prop:s0" dev="tmpfs" ino=12011 scontext=u:r:shell:s0 tcontext=u:object_r:device_config_runtime_native_boot_prop:s0 tclass=file permissive=0
10-25 12:12:41.282 31318 31318 D AndroidRuntime: >>>>>> START com.android.internal.os.RuntimeInit uid 2000 <<<<<<
10-25 12:12:41.286 31318 31318 E libc    : Access denied finding property "persist.device_config.runtime_native_boot.enable_apex_image"
10-25 12:12:41.286 31318 31318 I AndroidRuntime: Using default boot image
10-25 12:12:41.286 31318 31318 E libc    : Access denied finding property "persist.device_config.runtime_native_boot.disable_lock_profiling"
10-25 12:12:41.286 31318 31318 I AndroidRuntime: Leaving lock profiling enabled
10-25 12:12:41.286 31318 31318 E libc    : Access denied finding property "persist.device_config.runtime_native_boot.enable_generational_cc"
10-25 12:12:41.387 31318 31318 D ICU     : Time zone APEX file found: /apex/com.android.tzdata/etc/icu/icu_tzdata.dat
10-25 12:12:41.403 31318 31318 I app_process: The ClassLoaderContext is a special shared library.
10-25 12:12:41.428 31318 31318 W app_process: JNI RegisterNativeMethods: attempt to register 0 native methods for android.media.AudioAttributes
10-25 12:12:41.438 31318 31318 D AndroidRuntime: Calling main entry com.android.commands.monkey.Monkey
10-25 12:12:41.439 31318 31318 W Monkey  : args: [--port, 12345]
10-25 12:12:41.440 31318 31318 W Monkey  :  arg: "--port"
10-25 12:12:41.440 31318 31318 W Monkey  :  arg: "12345"
10-25 12:12:41.440 31318 31318 W Monkey  : arg="--port" mCurArgData="null" mNextArg=1 argwas="--port" nextarg="12345"
10-25 12:12:41.440 31318 31318 W Monkey  : data="12345"
10-25 12:12:41.479   730 31332 E ResolverController: No valid NAT64 prefix (0, <unspecified>/0)
10-25 12:12:42.439  1523  1626 W ActivityTaskManager: Launch timeout has expired, giving up wake lock!
10-25 12:12:42.498  1523  1626 D ActivityTrigger: ActivityTrigger activityStopTrigger 
10-25 12:12:42.507  2454  3132 I BtGatt.ScanManager: msg.what = 6
10-25 12:12:42.522  2972  2972 V Activity: onStop mLastPackageName = com.vrem.wifianalyzer.MainActivity--mLastPackageResume = 1
10-25 12:12:42.570  2972  2972 D PureDisplay: package-com.vrem.wifianalyzer DYNAMIC_ORIGINAL_MODE open
10-25 12:12:42.573   587   587 I hwservicemanager: getTransport: Cannot find entry vendor.qti.hardware.servicetracker@1.0::IServicetracker/default in either framework or device manifest.
10-25 12:12:42.578  5161  5161 D PureDisplay: PureDisplayModeChangeReceiver,hdrMode=1
10-25 12:12:42.587  5161  5161 I android_os_HwBinder: HwBinder: Starting thread pool for getting: vendor.pixelworks.hardware.display@1.0::IIris/default
10-25 12:12:42.593   774 31148 I IrisService: irisConfigureSet(258, 1, 1)
10-25 12:12:42.593  5161  5161 D PureDisplay: --setIrisDisplayHdrMode- mode =1--result = 0
10-25 12:12:42.593  5161  5161 D PureDisplay: PureDisplayModeChangeReceiver,pureDisplayMode=1
10-25 12:12:42.596  5161  5161 D PureDisplay: isDeviceProvisioned=true
10-25 12:12:42.596  5161  5161 D PureDisplay: isUserSetuped=true
10-25 12:12:42.596  5161  5161 D PureDisplay: setOriginalModeEnable()
10-25 12:12:42.600  5161  5161 I android_os_HwBinder: HwBinder: Starting thread pool for getting: vendor.pixelworks.hardware.display@1.0::IIris/default
10-25 12:12:42.607   774 31148 I IrisService: irisConfigureSet(0, 1, 0)
10-25 12:12:42.635  5161  5161 I android_os_HwBinder: HwBinder: Starting thread pool for getting: vendor.pixelworks.hardware.display@1.0::IIris/default
10-25 12:12:42.637   774 31148 I IrisService: irisConfigureSet(41, 1, 0)
10-25 12:12:42.639  5161  5161 I android_os_HwBinder: HwBinder: Starting thread pool for getting: vendor.pixelworks.hardware.display@1.0::IIris/default
10-25 12:12:42.640   774 31148 I IrisService: irisConfigureSet(42, 1, 0)
10-25 12:12:42.642  5161  5161 I android_os_HwBinder: HwBinder: Starting thread pool for getting: vendor.pixelworks.hardware.display@1.0::IIris/default
10-25 12:12:42.643   774   859 I IrisService: irisConfigureSet(40, 1, 0)
10-25 12:12:42.669  5161  5161 I android_os_HwBinder: HwBinder: Starting thread pool for getting: vendor.pixelworks.hardware.display@1.0::IIris/default
10-25 12:12:42.670   774   774 I IrisService: irisConfigureSet(36, 1, 0)
10-25 12:12:42.705  5161  5161 D PureDisplay: getWhiteBalanceAutoMode()0
10-25 12:12:42.708  5161  5161 I android_os_HwBinder: HwBinder: Starting thread pool for getting: vendor.pixelworks.hardware.display@1.0::IIris/default
10-25 12:12:42.709   774 31148 I IrisService: irisConfigureSet(39, 1, 1)
10-25 12:12:42.713   783  2509 E WifiHAL : Received fatal event, sending alert
10-25 12:12:42.714  1523  1949 W WifiVendorHal: onDebugErrorAlert 14
10-25 12:12:42.714  1523  2012 W WifiDiags: CaptureBugReport 14
10-25 12:12:42.725   587   587 I hwservicemanager: getTransport: Cannot find entry vendor.qti.hardware.servicetracker@1.0::IServicetracker/default in either framework or device manifest.
10-25 12:12:42.736  5161  5161 I android_os_HwBinder: HwBinder: Starting thread pool for getting: vendor.pixelworks.hardware.display@1.0::IIris/default
10-25 12:12:42.738   774   859 I IrisService: irisConfigureSet(264, 1, 0)
10-25 12:12:42.769  1523  1523 W ClientModeImpl: type=1400 audit(0.0:28816): avc: denied { syslog_read } for scontext=u:r:system_server:s0 tcontext=u:r:kernel:s0 tclass=system permissive=0
10-25 12:12:42.773  1523  2012 D WifiDiags: Reading kernel log ...
10-25 12:12:42.774  1523  2012 D wifi-jni: no kernel logs
10-25 12:12:42.914   587   587 I hwservicemanager: getTransport: Cannot find entry vendor.qti.hardware.servicetracker@1.0::IServicetracker/default in either framework or device manifest.
10-25 12:12:42.924  2454  3132 I BtGatt.ScanManager: msg.what = 6
10-25 12:12:42.986  1523  1523 V SettingsProvider: Notifying for 0: content://settings/secure/accessibility_enabled
10-25 12:12:42.999 31318 31318 D MonkeyStub: translateCommand: wake
10-25 12:12:43.009  5118  5168 I A       : NGA disabled since it's running Panthera and at least one a11y feature is on.
10-25 12:12:43.009  5118  5168 I A       : Nga state changed to DISABLED
10-25 12:12:43.016  3599  4593 I A       : onIsEnabledChanged, isEnabled: false
10-25 12:12:43.016  3599 29440 I A       : [Memory] eligibility: StashEligibility{4}
10-25 12:12:43.019   587   587 I hwservicemanager: getTransport: Cannot find entry vendor.qti.hardware.servicetracker@1.0::IServicetracker/default in either framework or device manifest.
10-25 12:12:43.024  3599  4593 W A       : Disposing empty manager. Did you forgot to subscribe observables?
10-25 12:12:43.024  3599  4593 W A       : Disposing empty manager. Did you forgot to subscribe observables?
10-25 12:12:43.024  3599  4593 I A       : onOpaVisibilityChanged: false
10-25 12:12:43.024  3599  4593 I A       : Setting session to type: NO_SESSION
10-25 12:12:43.030  3599  4593 I A       : setSysUiConfiguration, isAvailable: false
10-25 12:12:43.030  3599  4593 W A       : Disposing empty manager. Did you forgot to subscribe observables?
10-25 12:12:43.031  3599  4593 I A       : onDisabled. Registered: true
10-25 12:12:43.042   587   587 I hwservicemanager: getTransport: Cannot find entry vendor.qti.hardware.servicetracker@1.0::IServicetracker/default in either framework or device manifest.
10-25 12:12:43.056  1523  6119 I WifiService: startScan uid=10207
10-25 12:12:43.057   587   587 I hwservicemanager: getTransport: Cannot find entry vendor.qti.hardware.servicetracker@1.0::IServicetracker/default in either framework or device manifest.
10-25 12:12:43.060  1523  5344 D CompatibilityInfo: mCompatibilityFlags - 0
10-25 12:12:43.061  1523  5344 D CompatibilityInfo: applicationDensity - 420
10-25 12:12:43.061  1523  5344 D CompatibilityInfo: applicationScale - 1.0
10-25 12:12:43.062   587   587 I hwservicemanager: getTransport: Cannot find entry vendor.qti.hardware.servicetracker@1.0::IServicetracker/default in either framework or device manifest.
10-25 12:12:43.073  1339 26509 E AuthPII : [GoogleAccountDataServiceImpl] getToken() -> NETWORK_ERROR. Account: Account {name=cigroup.robobos@gmail.com, type=com.google}, App: com.google.android.googlequicksearchbox, Service: oauth2:https://www.googleapis.com/auth/googlenow
10-25 12:12:43.073  1339 26509 E AuthPII : Message is Error when calling server.
10-25 12:12:43.073  1339 26509 W GetToken: [GetToken]GetToken failed with status code: NetworkError
10-25 12:12:43.074  1339 26509 W GLSActivity: 
10-25 12:12:43.074  1339 26509 W GLSActivity: java.io.IOException: NetworkError
10-25 12:12:43.074  1339 26509 W GLSActivity: 	at iei.getAuthToken(:com.google.android.gms@214815028@21.48.15 (100400-414534850):32)
10-25 12:12:43.074  1339 26509 W GLSActivity: 	at android.accounts.AbstractAccountAuthenticator$Transport.getAuthToken(AbstractAccountAuthenticator.java:246)
10-25 12:12:43.074  1339 26509 W GLSActivity: 	at android.accounts.IAccountAuthenticator$Stub.onTransact(IAccountAuthenticator.java:282)
10-25 12:12:43.074  1339 26509 W GLSActivity: 	at android.os.Binder.transact(Binder.java:914)
10-25 12:12:43.074  1339 26509 W GLSActivity: 	at eoc.onTransact(:com.google.android.gms@214815028@21.48.15 (100400-414534850):2)
10-25 12:12:43.074  1339 26509 W GLSActivity: 	at android.os.Binder.transact(Binder.java:914)
10-25 12:12:43.074  1339 26509 W GLSActivity: 	at agpi.onTransact(:com.google.android.gms@214815028@21.48.15 (100400-414534850):17)
10-25 12:12:43.074  1339 26509 W GLSActivity: 	at android.os.Binder.execTransactInternal(Binder.java:1021)
10-25 12:12:43.074  1339 26509 W GLSActivity: 	at android.os.Binder.execTransact(Binder.java:994)
10-25 12:12:43.076   587   587 I hwservicemanager: getTransport: Cannot find entry vendor.qti.hardware.servicetracker@1.0::IServicetracker/default in either framework or device manifest.
10-25 12:12:43.083  5118 29232 W Search.LoginHelperImpl: IO exception for scope: oauth2:https://www.googleapis.com/auth/googlenow
10-25 12:12:43.083  5118 29232 W Search.LoginHelperImpl: java.io.IOException: NetworkError
10-25 12:12:43.083  5118 29232 W Search.LoginHelperImpl: 	at android.accounts.AccountManager.convertErrorToException(AccountManager.java:2537)
10-25 12:12:43.083  5118 29232 W Search.LoginHelperImpl: 	at android.accounts.AccountManager.access$700(AccountManager.java:162)
10-25 12:12:43.083  5118 29232 W Search.LoginHelperImpl: 	at android.accounts.AccountManager$AmsTask$Response.onError(AccountManager.java:2388)
10-25 12:12:43.083  5118 29232 W Search.LoginHelperImpl: 	at android.accounts.IAccountManagerResponse$Stub.onTransact(IAccountManagerResponse.java:107)
10-25 12:12:43.083  5118 29232 W Search.LoginHelperImpl: 	at android.os.Binder.execTransactInternal(Binder.java:1021)
10-25 12:12:43.083  5118 29232 W Search.LoginHelperImpl: 	at android.os.Binder.execTransact(Binder.java:994)
10-25 12:12:43.113   587   587 I hwservicemanager: getTransport: Cannot find entry vendor.qti.hardware.servicetracker@1.0::IServicetracker/default in either framework or device manifest.
10-25 12:12:43.142  1339 26509 E AuthPII : [GoogleAccountDataServiceImpl] getToken() -> NETWORK_ERROR. Account: Account {name=cigroup.robobos@gmail.com, type=com.google}, App: com.google.android.googlequicksearchbox, Service: oauth2:https://www.googleapis.com/auth/googlenow
10-25 12:12:43.142  1339 26509 E AuthPII : Message is Error when calling server.
10-25 12:12:43.142  1339 26509 W GetToken: [GetToken]GetToken failed with status code: NetworkError
10-25 12:12:43.143  1339 26509 W GLSActivity: 
10-25 12:12:43.143  1339 26509 W GLSActivity: java.io.IOException: NetworkError
10-25 12:12:43.143  1339 26509 W GLSActivity: 	at iei.getAuthToken(:com.google.android.gms@214815028@21.48.15 (100400-414534850):32)
10-25 12:12:43.143  1339 26509 W GLSActivity: 	at android.accounts.AbstractAccountAuthenticator$Transport.getAuthToken(AbstractAccountAuthenticator.java:246)
10-25 12:12:43.143  1339 26509 W GLSActivity: 	at android.accounts.IAccountAuthenticator$Stub.onTransact(IAccountAuthenticator.java:282)
10-25 12:12:43.143  1339 26509 W GLSActivity: 	at android.os.Binder.transact(Binder.java:914)
10-25 12:12:43.143  1339 26509 W GLSActivity: 	at eoc.onTransact(:com.google.android.gms@214815028@21.48.15 (100400-414534850):2)
10-25 12:12:43.143  1339 26509 W GLSActivity: 	at android.os.Binder.transact(Binder.java:914)
10-25 12:12:43.143  1339 26509 W GLSActivity: 	at agpi.onTransact(:com.google.android.gms@214815028@21.48.15 (100400-414534850):17)
10-25 12:12:43.143  1339 26509 W GLSActivity: 	at android.os.Binder.execTransactInternal(Binder.java:1021)
10-25 12:12:43.143  1339 26509 W GLSActivity: 	at android.os.Binder.execTransact(Binder.java:994)
10-25 12:12:43.144   587   587 I hwservicemanager: getTransport: Cannot find entry vendor.qti.hardware.servicetracker@1.0::IServicetracker/default in either framework or device manifest.
10-25 12:12:43.146  5118 29232 W Search.LoginHelperImpl: IO exception for scope: oauth2:https://www.googleapis.com/auth/googlenow
10-25 12:12:43.146  5118 29232 W Search.LoginHelperImpl: java.io.IOException: NetworkError
10-25 12:12:43.146  5118 29232 W Search.LoginHelperImpl: 	at android.accounts.AccountManager.convertErrorToException(AccountManager.java:2537)
10-25 12:12:43.146  5118 29232 W Search.LoginHelperImpl: 	at android.accounts.AccountManager.access$700(AccountManager.java:162)
10-25 12:12:43.146  5118 29232 W Search.LoginHelperImpl: 	at android.accounts.AccountManager$AmsTask$Response.onError(AccountManager.java:2388)
10-25 12:12:43.146  5118 29232 W Search.LoginHelperImpl: 	at android.accounts.IAccountManagerResponse$Stub.onTransact(IAccountManagerResponse.java:107)
10-25 12:12:43.146  5118 29232 W Search.LoginHelperImpl: 	at android.os.Binder.execTransactInternal(Binder.java:1021)
10-25 12:12:43.146  5118 29232 W Search.LoginHelperImpl: 	at android.os.Binder.execTransact(Binder.java:994)
10-25 12:12:45.896  1523  6894 D WificondControl: Scan result ready event
10-25 12:12:45.902  1168 20338 I LOWI-8.6.0.67: [LOWI-Scan] lowi_close_record:Scan done in 1113262856ms, 21 APs in scan results
10-25 12:12:45.908   992   992 I wificond: wifi generation capability mask: 11
10-25 12:12:45.915  1523  2021 D WificondScannerImpl: Filtering out 3 scan results.
10-25 12:12:45.957  1523  2012 D WifiClientModeImpl: CMD_START_CONNECT sup state DisconnectedState my state DisconnectedState nid=5 roam=false
10-25 12:12:45.959  1523  2012 D WifiClientModeImpl: No changes in MAC address
10-25 12:12:45.960  1523  2012 I WifiClientModeImpl: Connecting with 5a:5f:0d:68:b5:7c as the mac address
10-25 12:12:45.961   992   992 W wificond: Scan is not started. Ignore abort request
10-25 12:12:45.961  1523  2012 D SupplicantStaIfaceHal: connectToNetwork "string-theory"WPA_PSK isAscii=true
10-25 12:12:45.961  1523  2012 D SupplicantStaIfaceHal: Network is already saved, will not trigger remove and add operation.
10-25 12:12:45.961  2426  2426 I wpa_supplicant: getCapabilitiesInternal capabilities: NONE IEEE8021X WPA-EAP WPA-PSK WPA-EAP-SUITE-B FILS-SHA256 FILS-SHA384 FT-PSK
10-25 12:12:45.963  2426  2426 I wpa_supplicant: wlan0: CTRL-EVENT-SSID-REENABLED id=0 ssid="string-theory"
10-25 12:12:45.963  2426  2426 E wpa_supplicant: eap_proxy: eap_proxy_notify_config
10-25 12:12:45.964  2426  2426 I wpa_supplicant: wlan0: Trying to associate with SSID 'string-theory'
10-25 12:12:45.967  2803  4974 D QCNEJ/WlanStaInfoRelay: Received action: android.net.wifi.STATE_CHANGE
10-25 12:12:45.968  2660  2660 D DPMJ    : |SERVICE| DPM received action android.net.wifi.STATE_CHANGE
10-25 12:12:45.969  2803  4974 I QCNEJ/NativeHalConnector: -> SND notifyWlanStaStatusChanged([WlanStaInfo]: wifiSwitchState = 1 rssi = -127 ssid = string-theory bssid = b8:27:eb:8d:13:72 dnsInfo = 0.0.0.0;0.0.0.0;0.0.0.0;0.0.0.0; freqBand = _2GHz countryCode = [RatInfo]: networkType = 1 subType = 101 networkState = CONNECTING netHdl = -1 ipAddrV4 =  ipAddrV6 =  ifNameV4 =  ifNameV6 =  slotIdx = 0 isAndroidValidated = false) timeStamp = 2022-10-25 12:12:45.968
10-25 12:12:45.969  2454  2454 D BluetoothAdapterService: android.net.wifi.STATE_CHANGE
10-25 12:12:45.971 15033 15033 I VowifiService: intentandroid.net.wifi.STATE_CHANGE
10-25 12:12:45.971  2660  2660 I DPMJ    : |SERVICE| sendWifiStatus - subType: 21 networkState: 0 softApState: 11 rssi=0 ssid= bssid=00:00:00:00:00:00 ipV4Addr= ifNameV4= ipAddrV6= ifNameV6=
10-25 12:12:45.971 15033 15033 I VowifiService: isWifiConnectedCurrent() return false
10-25 12:12:45.971 15033 15033 I VowifiService: cancel notification
10-25 12:12:45.973  2454  2454 D BluetoothVendorService: setWifiState to: false
10-25 12:12:45.973  2454  2454 I BluetoothVendorJni: setWifiStateNative
10-25 12:12:45.973  2454  2454 I bt_btif_vendor: setWifiState :0
10-25 12:12:45.974  1523  4969 V LocSvc_HIDL_Subscription_jni: wifi_supplicant_status_update
10-25 12:12:45.974  1523  4969 V LocSvc_HIDL_Subscription_jni: [wifi_supplicant_status_update][703] [HC] =>> [HS]
10-25 12:12:45.974   772   772 V LocSvc_HIDL_IzatSubscription: [wifiSupplicantStatusUpdate][675] [HS] <<<<= [HC]
10-25 12:12:45.974  1523  4969 V LocSvc_HIDL_Subscription_jni: Exit Result 0
10-25 12:12:45.977  2426  2426 E wpa_supplicant: eap_proxy: eap_proxy_notify_config
10-25 12:12:45.977  2426  2426 E wpa_supplicant: eap_proxy: eap_proxy_allowed_method
10-25 12:12:46.012   783  2509 I WifiHAL : send oem msg of len : 80 to apps
10-25 12:12:46.013  1523  1622 I EthernetTracker: interfaceLinkStateChanged, iface: wlan0, up: false
10-25 12:12:46.014   730   730 I netd    : interfaceGetCfg("wlan0") <0.49ms>
10-25 12:12:46.014  1523  1622 I EthernetTracker: interfaceLinkStateChanged, iface: wlan0, up: true
10-25 12:12:46.015   730   730 I netd    : interfaceGetCfg("wlan0") <0.35ms>
10-25 12:12:46.016  2426  2426 I wpa_supplicant: wlan0: Associated with b8:27:eb:8d:13:72
10-25 12:12:46.017  2426  2426 I wpa_supplicant: wlan0: CTRL-EVENT-SUBNET-STATUS-UPDATE status=0
10-25 12:12:46.018  2426  2426 I wpa_supplicant: wlan0: WPA: RX message 1 of 4-Way Handshake from b8:27:eb:8d:13:72 (ver=2)
10-25 12:12:46.018  1523  4969 V LocSvc_HIDL_Subscription_jni: wifi_supplicant_status_update
10-25 12:12:46.018  1523  4969 V LocSvc_HIDL_Subscription_jni: [wifi_supplicant_status_update][703] [HC] =>> [HS]
10-25 12:12:46.018   772   772 V LocSvc_HIDL_IzatSubscription: [wifiSupplicantStatusUpdate][675] [HS] <<<<= [HC]
10-25 12:12:46.018  1523  4969 V LocSvc_HIDL_Subscription_jni: Exit Result 0
10-25 12:12:46.019  2426  2426 I wpa_supplicant: wlan0: WPA: Sending EAPOL-Key 2/4
10-25 12:12:46.020  2454  2454 D BluetoothAdapterService: android.net.wifi.STATE_CHANGE
10-25 12:12:46.021  2803  4974 D QCNEJ/WlanStaInfoRelay: Received action: android.net.wifi.STATE_CHANGE
10-25 12:12:46.021 15033 15033 I VowifiService: intentandroid.net.wifi.STATE_CHANGE
10-25 12:12:46.021  2660  2660 D DPMJ    : |SERVICE| DPM received action android.net.wifi.STATE_CHANGE
10-25 12:12:46.022  2803  4974 I QCNEJ/NativeHalConnector: -> SND notifyWlanStaStatusChanged([WlanStaInfo]: wifiSwitchState = 1 rssi = -127 ssid = string-theory bssid = b8:27:eb:8d:13:72 dnsInfo = 0.0.0.0;0.0.0.0;0.0.0.0;0.0.0.0; freqBand = _2GHz countryCode = [RatInfo]: networkType = 1 subType = 101 networkState = CONNECTING netHdl = -1 ipAddrV4 =  ipAddrV6 =  ifNameV4 =  ifNameV6 =  slotIdx = 0 isAndroidValidated = false) timeStamp = 2022-10-25 12:12:46.022
10-25 12:12:46.022  1523  4969 V LocSvc_HIDL_Subscription_jni: wifi_supplicant_status_update
10-25 12:12:46.022  1523  4969 V LocSvc_HIDL_Subscription_jni: [wifi_supplicant_status_update][703] [HC] =>> [HS]
10-25 12:12:46.022 15033 15033 I VowifiService: isWifiConnectedCurrent() return false
10-25 12:12:46.022 15033 15033 I VowifiService: cancel notification
10-25 12:12:46.023  2454  2454 D BluetoothVendorService: setWifiState to: false
10-25 12:12:46.023  2454  2454 I BluetoothVendorJni: setWifiStateNative
10-25 12:12:46.023   772   772 V LocSvc_HIDL_IzatSubscription: [wifiSupplicantStatusUpdate][675] [HS] <<<<= [HC]
10-25 12:12:46.023  2454  2454 I bt_btif_vendor: setWifiState :0
10-25 12:12:46.023  2660  2660 I DPMJ    : |SERVICE| sendWifiStatus - subType: 21 networkState: 0 softApState: 11 rssi=0 ssid= bssid=00:00:00:00:00:00 ipV4Addr= ifNameV4= ipAddrV6= ifNameV6=
10-25 12:12:46.023  1523  4969 V LocSvc_HIDL_Subscription_jni: Exit Result 0
10-25 12:12:47.017  2426  2426 I wpa_supplicant: wlan0: WPA: RX message 1 of 4-Way Handshake from b8:27:eb:8d:13:72 (ver=2)
10-25 12:12:47.017  2426  2426 I wpa_supplicant: wlan0: WPA: Sending EAPOL-Key 2/4
10-25 12:12:47.481 11331 11331 W adbd    : timeout expired while flushing socket, closing
10-25 12:12:48.018  2426  2426 I wpa_supplicant: wlan0: WPA: RX message 1 of 4-Way Handshake from b8:27:eb:8d:13:72 (ver=2)
10-25 12:12:48.018  2426  2426 I wpa_supplicant: wlan0: WPA: Sending EAPOL-Key 2/4
10-25 12:12:48.071   587   587 I hwservicemanager: getTransport: Cannot find entry vendor.qti.hardware.servicetracker@1.0::IServicetracker/default in either framework or device manifest.
10-25 12:12:48.073   587   587 I hwservicemanager: getTransport: Cannot find entry vendor.qti.hardware.servicetracker@1.0::IServicetracker/default in either framework or device manifest.
10-25 12:12:48.089  1523  9256 I WifiService: startScan uid=10207
10-25 12:12:48.091  1523  2012 I WifiScanRequestProxy: Scan request from com.vrem.wifianalyzer throttled
10-25 12:12:48.093  1523  9256 E WifiService: Failed to start scan
10-25 12:12:48.487   587   587 I hwservicemanager: getTransport: Cannot find entry vendor.qti.hardware.servicetracker@1.0::IServicetracker/default in either framework or device manifest.
10-25 12:12:49.018  2426  2426 I wpa_supplicant: wlan0: WPA: RX message 1 of 4-Way Handshake from b8:27:eb:8d:13:72 (ver=2)
10-25 12:12:49.018  2426  2426 I wpa_supplicant: wlan0: WPA: Sending EAPOL-Key 2/4
10-25 12:12:50.024  1523  1622 I EthernetTracker: interfaceLinkStateChanged, iface: wlan0, up: false
10-25 12:12:50.025  1523  1622 I EthernetTracker: interfaceLinkStateChanged, iface: wlan0, up: false
10-25 12:12:50.025   783  2509 I WifiHAL : send oem msg of len : 80 to apps
10-25 12:12:50.026   783  2509 I WifiHAL : Fate Tx-Rx: Packet fate stats stop received
10-25 12:12:50.026   730   730 I netd    : interfaceGetCfg("wlan0") <0.36ms>
10-25 12:12:50.026  2426  2426 I wpa_supplicant: wlan0: CTRL-EVENT-DISCONNECTED bssid=b8:27:eb:8d:13:72 reason=2
10-25 12:12:50.026  2426  2426 I wpa_supplicant: wlan0: WPA: 4-Way Handshake failed - pre-shared key may be incorrect
10-25 12:12:50.026  2426  2426 I wpa_supplicant: wlan0: CTRL-EVENT-SSID-TEMP-DISABLED id=0 ssid="string-theory" auth_failures=1 duration=10 reason=WRONG_KEY
10-25 12:12:50.027  2426  2426 E wpa_supplicant: nl80211: Failed to open /proc/sys/net/ipv4/conf/wlan0/drop_unicast_in_l2_multicast: No such file or directory
10-25 12:12:50.027  2426  2426 E wpa_supplicant: nl80211: Failed to set IPv4 unicast in multicast filter
10-25 12:12:50.027   730   730 I netd    : interfaceGetCfg("wlan0") <1.07ms>
10-25 12:12:50.028  2426  2426 E wpa_supplicant: eap_proxy: eap_proxy_notify_config
10-25 12:12:50.028  1523  2012 W WifiDiags: CaptureBugReport 2
10-25 12:12:50.030   783   783 E WifiHAL : wifi_get_ring_data: Error -5 happened. 
10-25 12:12:50.031  1523  2012 E WifiVendorHal: getRingBufferData(l.1675) failed {.code = ERROR_INVALID_ARGS, .description = }
10-25 12:12:50.059  1523  1523 W ClientModeImpl: type=1400 audit(0.0:28817): avc: denied { syslog_read } for scontext=u:r:system_server:s0 tcontext=u:r:kernel:s0 tclass=system permissive=0
10-25 12:12:50.059   783   783 W wifi@1.0-servic: type=1400 audit(0.0:28818): avc: denied { write } for name="wifi" dev="mmcblk0p68" ino=2883588 scontext=u:r:hal_wifi_default:s0 tcontext=u:object_r:vendor_tombstone_data_file:s0 tclass=dir permissive=0
10-25 12:12:50.070  1523  2012 D WifiDiags: Reading kernel log ...
10-25 12:12:50.071  1523  2012 D wifi-jni: no kernel logs
10-25 12:12:50.072   783   783 E android.hardware.wifi@1.0-service: create file failed: Permission denied
10-25 12:12:50.072   783   783 E android.hardware.wifi@1.0-service: Error writing files to flash
10-25 12:12:50.072  1523  2012 E WifiVendorHal: flushRingBufferData(l.1693) failed {.code = ERROR_UNKNOWN, .description = }
10-25 12:12:50.072  1523  2012 W WifiDiags: could not flush ringbuffer
10-25 12:12:50.081  2454  2454 D BluetoothAdapterService: android.net.wifi.STATE_CHANGE
10-25 12:12:50.082  2660  2660 D DPMJ    : |SERVICE| DPM received action android.net.wifi.STATE_CHANGE
10-25 12:12:50.082  2803  4974 D QCNEJ/WlanStaInfoRelay: Received action: android.net.wifi.STATE_CHANGE
10-25 12:12:50.082  2803  4974 D QCNEJ/WlanStaInfoRelay: reset CountryCodeRetriever
10-25 12:12:50.082 15033 15033 I VowifiService: intentandroid.net.wifi.STATE_CHANGE
10-25 12:12:50.082  2803  4974 I QCNEJ/NativeHalConnector: -> SND notifyWlanStaStatusChanged([WlanStaInfo]: wifiSwitchState = 1 rssi = 0 ssid =  bssid = 00:00:00:00:00:00 dnsInfo = 0.0.0.0;0.0.0.0;0.0.0.0;0.0.0.0; freqBand = _2GHz countryCode = [RatInfo]: networkType = 1 subType = 101 networkState = DISCONNECTED netHdl = -1 ipAddrV4 =  ipAddrV6 =  ifNameV4 =  ifNameV6 =  slotIdx = 0 isAndroidValidated = false) timeStamp = 2022-10-25 12:12:50.082
10-25 12:12:50.084 15033 15033 I VowifiService: isWifiConnectedCurrent() return false
10-25 12:12:50.084 15033 15033 I VowifiService: cancel notification
10-25 12:12:50.084  1523  4969 V LocSvc_HIDL_Subscription_jni: wifi_supplicant_status_update
10-25 12:12:50.084  1523  4969 V LocSvc_HIDL_Subscription_jni: [wifi_supplicant_status_update][703] [HC] =>> [HS]
10-25 12:12:50.084  2660  2660 I DPMJ    : |SERVICE| sendWifiStatus - subType: 21 networkState: 4 softApState: 11 rssi=0 ssid= bssid=00:00:00:00:00:00 ipV4Addr= ifNameV4= ipAddrV6= ifNameV6=
10-25 12:12:50.084   772   772 V LocSvc_HIDL_IzatSubscription: [wifiSupplicantStatusUpdate][675] [HS] <<<<= [HC]
10-25 12:12:50.085  1523  4969 V LocSvc_HIDL_Subscription_jni: Exit Result 0
10-25 12:12:50.086  2454  2454 D BluetoothVendorService: setWifiState to: false
10-25 12:12:50.086  2454  2454 I BluetoothVendorJni: setWifiStateNative
10-25 12:12:50.086  2454  2454 I bt_btif_vendor: setWifiState :0
10-25 12:12:53.036   783  2509 E WifiHAL : Received fatal event, sending alert
10-25 12:12:53.037  1523  8797 W WifiVendorHal: onDebugErrorAlert 14
10-25 12:12:53.037  1523  2012 W WifiDiags: CaptureBugReport 14
10-25 12:12:53.089  1523  1523 W ClientModeImpl: type=1400 audit(0.0:28819): avc: denied { syslog_read } for scontext=u:r:system_server:s0 tcontext=u:r:kernel:s0 tclass=system permissive=0
10-25 12:12:53.098  1523  2012 D WifiDiags: Reading kernel log ...
10-25 12:12:53.099  1523  2012 D wifi-jni: no kernel logs
10-25 12:12:53.121  1523  7644 I WifiService: startScan uid=10207
10-25 12:12:53.122  1523  2012 I WifiScanRequestProxy: Scan request from com.vrem.wifianalyzer throttled
10-25 12:12:53.122  1523  7644 E WifiService: Failed to start scan
10-25 12:12:53.124 31318 31318 D MonkeyStub: translateCommand: tap 891 165
10-25 12:12:53.333  3075  3075 I GoogleInputMethodService: GoogleInputMethodService.onFinishInput():3316 
10-25 12:12:53.337  3075  3075 I GoogleInputMethodService: GoogleInputMethodService.updateDeviceLockedStatus():2181 checkRepeatedly = false, unlocked = true
10-25 12:12:53.337  3075  3075 I GoogleInputMethodService: GoogleInputMethodService.onStartInput():1989 
10-25 12:12:53.338  3075  3075 I GoogleInputMethodService: GoogleInputMethodService.updateDeviceLockedStatus():2181 checkRepeatedly = true, unlocked = true
10-25 12:12:54.170 31318 31318 D MonkeyStub: translateCommand: tap 894 1267
10-25 12:12:54.178  1523  1624 W Looper  : Slow delivery took 256015426ms android.ui h=android.view.GestureDetector$GestureHandler c=null m=1
10-25 12:12:54.189  1523  1624 W Looper  : Drained
10-25 12:12:55.209 31318 31318 D MonkeyStub: translateCommand: tap 918 1681
10-25 12:12:55.213  1523  1624 W Looper  : Slow delivery took 256016461ms android.ui h=android.view.GestureDetector$GestureHandler c=null m=1
10-25 12:12:55.222  1523  1624 W Looper  : Drained
10-25 12:12:55.268  1523  7644 I WifiService: startScan uid=10207
10-25 12:12:55.269  1523  2012 I WifiScanRequestProxy: Scan request from com.vrem.wifianalyzer throttled
10-25 12:12:55.270  1523  7644 E WifiService: Failed to start scan
10-25 12:12:55.271  1523  5348 E InputDispatcher: Window handle Window{23f5132 u0 com.vrem.wifianalyzer/com.vrem.wifianalyzer.MainActivity} has no registered input channel
10-25 12:12:55.283  1523  7644 I WifiService: startScan uid=10207
10-25 12:12:55.284  1523  2012 I WifiScanRequestProxy: Scan request from com.vrem.wifianalyzer throttled
10-25 12:12:55.285  1523  7644 E WifiService: Failed to start scan
10-25 12:12:55.385  3075  3075 I GoogleInputMethodService: GoogleInputMethodService.onFinishInput():3316 
10-25 12:12:55.386  3075  3075 I GoogleInputMethodService: GoogleInputMethodService.updateDeviceLockedStatus():2181 checkRepeatedly = false, unlocked = true
10-25 12:12:55.387  3075  3075 I GoogleInputMethodService: GoogleInputMethodService.onStartInput():1989 
10-25 12:12:55.387  3075  3075 I GoogleInputMethodService: GoogleInputMethodService.updateDeviceLockedStatus():2181 checkRepeatedly = true, unlocked = true
10-25 12:12:56.242 31318 31318 D MonkeyStub: translateCommand: tap 74 156
10-25 12:12:56.246  1523  1624 W Looper  : Slow delivery took 256017494ms android.ui h=android.view.GestureDetector$GestureHandler c=null m=1
10-25 12:12:56.258  1523  1624 W Looper  : Drained
10-25 12:12:57.273 31318 31318 D MonkeyStub: translateCommand: tap 374 516
10-25 12:12:57.276  1523  1624 W Looper  : Slow delivery took 256018524ms android.ui h=android.view.GestureDetector$GestureHandler c=null m=1
10-25 12:12:57.286  1523  1624 W Looper  : Drained
10-25 12:12:57.312  1523  6897 I WifiService: startScan uid=10207
10-25 12:12:57.313  1523  2012 I WifiScanRequestProxy: Scan request from com.vrem.wifianalyzer throttled
10-25 12:12:57.314  1523  6897 E WifiService: Failed to start scan
10-25 12:12:57.468  1523  7644 I WifiService: startScan uid=10207
10-25 12:12:57.470  1523  2012 I WifiScanRequestProxy: Scan request from com.vrem.wifianalyzer throttled
10-25 12:12:57.471  1523  7644 E WifiService: Failed to start scan
10-25 12:12:58.005   587   587 I hwservicemanager: getTransport: Cannot find entry vendor.qti.hardware.servicetracker@1.0::IServicetracker/default in either framework or device manifest.
10-25 12:12:58.013  2454  3132 I BtGatt.ScanManager: msg.what = 6
10-25 12:12:58.095   587   587 I hwservicemanager: getTransport: Cannot find entry vendor.qti.hardware.servicetracker@1.0::IServicetracker/default in either framework or device manifest.
10-25 12:12:58.141  1523  7644 I WifiService: startScan uid=10207
10-25 12:12:58.144  1523  2012 I WifiScanRequestProxy: Scan request from com.vrem.wifianalyzer throttled
10-25 12:12:58.146  1523  7644 E WifiService: Failed to start scan
10-25 12:12:58.317 31318 31318 D MonkeyStub: translateCommand: tap 77 170
10-25 12:12:58.322  1523  1624 W Looper  : Slow delivery took 256019571ms android.ui h=android.view.GestureDetector$GestureHandler c=null m=1
10-25 12:12:58.340  1523  1624 W Looper  : Drained
10-25 12:12:59.357 31318 31318 D MonkeyStub: translateCommand: tap 438 663
10-25 12:12:59.361  1523  1624 W Looper  : Slow delivery took 256020610ms android.ui h=android.view.GestureDetector$GestureHandler c=null m=1
10-25 12:12:59.371  1523  1624 W Looper  : Drained
10-25 12:12:59.401  1523  6438 I WifiService: startScan uid=10207
10-25 12:12:59.402  1523  2012 I WifiScanRequestProxy: Scan request from com.vrem.wifianalyzer throttled
10-25 12:12:59.403  1523  6438 E WifiService: Failed to start scan
10-25 12:12:59.521  1523  6438 I WifiService: startScan uid=10207
10-25 12:12:59.522  1523  2012 I WifiScanRequestProxy: Scan request from com.vrem.wifianalyzer throttled
10-25 12:12:59.523  1523  6438 E WifiService: Failed to start scan
10-25 12:13:00.002  2528  2528 D KeyguardUpdateMonitor: received broadcast android.intent.action.TIME_TICK
10-25 12:13:00.002  2528  2528 D KeyguardUpdateMonitor: handleTimeUpdate
10-25 12:13:03.174  1523  6438 I WifiService: startScan uid=10207
10-25 12:13:03.176  1523  2012 I WifiScanRequestProxy: Scan request from com.vrem.wifianalyzer throttled
10-25 12:13:03.178  1523  6438 E WifiService: Failed to start scan
10-25 12:13:08.207  1523  6438 I WifiService: startScan uid=10207
10-25 12:13:08.208  1523  2012 I WifiScanRequestProxy: Scan request from com.vrem.wifianalyzer throttled
10-25 12:13:08.209  1523  6438 E WifiService: Failed to start scan
10-25 12:13:13.241  1523  6438 I WifiService: startScan uid=10207
10-25 12:13:13.243  1523  2012 I WifiScanRequestProxy: Scan request from com.vrem.wifianalyzer throttled
10-25 12:13:13.244  1523  6438 E WifiService: Failed to start scan
